Archive member included to satisfy reference by file (symbol)

d:/stm32_chibios-master/chibistudio_preview20/tools/gnu tools arm embedded/7.0 2017q4/bin/../lib/gcc/arm-none-eabi/7.2.1/../../../../arm-none-eabi/lib/thumb/v7e-m\libg.a(lib_a-memcpy.o)
                              C:\Users\Andry\AppData\Local\Temp\cc2jUgK6.ltrans0.ltrans.o (memcpy)
d:/stm32_chibios-master/chibistudio_preview20/tools/gnu tools arm embedded/7.0 2017q4/bin/../lib/gcc/arm-none-eabi/7.2.1/../../../../arm-none-eabi/lib/thumb/v7e-m\libg.a(lib_a-strcmp.o)
                              C:\Users\Andry\AppData\Local\Temp\cc2jUgK6.ltrans0.ltrans.o (strcmp)

Discarded input sections

 .data          0x00000000        0x0 build/obj/crt0_v7m.o
 .bss           0x00000000        0x0 build/obj/crt0_v7m.o
 .data          0x00000000        0x0 build/obj/chcoreasm_v7m.o
 .bss           0x00000000        0x0 build/obj/chcoreasm_v7m.o
 .text          0x00000000        0x0 C:\Users\Andry\AppData\Local\Temp\cc2jUgK6.ltrans0.ltrans.o
 .data          0x00000000        0x0 C:\Users\Andry\AppData\Local\Temp\cc2jUgK6.ltrans0.ltrans.o
 .bss           0x00000000        0x0 C:\Users\Andry\AppData\Local\Temp\cc2jUgK6.ltrans0.ltrans.o
 .text.port_get_irq_status
                0x00000000       0x14 C:\Users\Andry\AppData\Local\Temp\cc2jUgK6.ltrans0.ltrans.o
 .text.port_irq_enabled
                0x00000000       0x18 C:\Users\Andry\AppData\Local\Temp\cc2jUgK6.ltrans0.ltrans.o
 .text.port_is_isr_context
                0x00000000       0x20 C:\Users\Andry\AppData\Local\Temp\cc2jUgK6.ltrans0.ltrans.o
 .text.port_rt_get_counter_value.lto_priv.255
                0x00000000        0xc C:\Users\Andry\AppData\Local\Temp\cc2jUgK6.ltrans0.ltrans.o
 .text.chSysLock.lto_priv.140
                0x00000000        0xc C:\Users\Andry\AppData\Local\Temp\cc2jUgK6.ltrans0.ltrans.o
 .text.chSysUnlock.lto_priv.104
                0x00000000       0x34 C:\Users\Andry\AppData\Local\Temp\cc2jUgK6.ltrans0.ltrans.o
 .text.chSysIntegrityCheckI
                0x00000000      0x10c C:\Users\Andry\AppData\Local\Temp\cc2jUgK6.ltrans0.ltrans.o
 .text.chSysGetStatusAndLockX
                0x00000000       0x34 C:\Users\Andry\AppData\Local\Temp\cc2jUgK6.ltrans0.ltrans.o
 .text.chSysRestoreStatusX
                0x00000000       0x30 C:\Users\Andry\AppData\Local\Temp\cc2jUgK6.ltrans0.ltrans.o
 .text.chSysIsCounterWithinX
                0x00000000       0x24 C:\Users\Andry\AppData\Local\Temp\cc2jUgK6.ltrans0.ltrans.o
 .text.chSysPolledDelayX
                0x00000000       0x30 C:\Users\Andry\AppData\Local\Temp\cc2jUgK6.ltrans0.ltrans.o
 .rodata.__func__.6266.lto_priv.123
                0x00000000        0xc C:\Users\Andry\AppData\Local\Temp\cc2jUgK6.ltrans0.ltrans.o
 .rodata._dbg_check_disable.str1.4
                0x00000000        0x5 C:\Users\Andry\AppData\Local\Temp\cc2jUgK6.ltrans0.ltrans.o
 .text._dbg_check_disable
                0x00000000       0x24 C:\Users\Andry\AppData\Local\Temp\cc2jUgK6.ltrans0.ltrans.o
 .rodata._dbg_check_suspend.str1.4
                0x00000000        0x5 C:\Users\Andry\AppData\Local\Temp\cc2jUgK6.ltrans0.ltrans.o
 .text._dbg_check_suspend
                0x00000000       0x24 C:\Users\Andry\AppData\Local\Temp\cc2jUgK6.ltrans0.ltrans.o
 .text.chSysLock.lto_priv.141
                0x00000000        0xc C:\Users\Andry\AppData\Local\Temp\cc2jUgK6.ltrans0.ltrans.o
 .text.chSysUnlock.lto_priv.105
                0x00000000       0x34 C:\Users\Andry\AppData\Local\Temp\cc2jUgK6.ltrans0.ltrans.o
 .text.chDbgWriteTraceI
                0x00000000       0x50 C:\Users\Andry\AppData\Local\Temp\cc2jUgK6.ltrans0.ltrans.o
 .text.chDbgWriteTrace
                0x00000000       0x20 C:\Users\Andry\AppData\Local\Temp\cc2jUgK6.ltrans0.ltrans.o
 .text.chDbgSuspendTraceI
                0x00000000       0x28 C:\Users\Andry\AppData\Local\Temp\cc2jUgK6.ltrans0.ltrans.o
 .text.chDbgSuspendTrace
                0x00000000       0x24 C:\Users\Andry\AppData\Local\Temp\cc2jUgK6.ltrans0.ltrans.o
 .text.chDbgResumeTraceI
                0x00000000       0x30 C:\Users\Andry\AppData\Local\Temp\cc2jUgK6.ltrans0.ltrans.o
 .text.chDbgResumeTrace
                0x00000000       0x24 C:\Users\Andry\AppData\Local\Temp\cc2jUgK6.ltrans0.ltrans.o
 .rodata.__func__.6266.lto_priv.124
                0x00000000        0xc C:\Users\Andry\AppData\Local\Temp\cc2jUgK6.ltrans0.ltrans.o
 .text.chSchDoRescheduleBehind
                0x00000000       0x6c C:\Users\Andry\AppData\Local\Temp\cc2jUgK6.ltrans0.ltrans.o
 .text.st_lld_get_counter.lto_priv.195
                0x00000000        0xc C:\Users\Andry\AppData\Local\Temp\cc2jUgK6.ltrans0.ltrans.o
 .text.port_timer_get_time.lto_priv.190
                0x00000000        0xc C:\Users\Andry\AppData\Local\Temp\cc2jUgK6.ltrans0.ltrans.o
 .text.list_insert
                0x00000000       0x18 C:\Users\Andry\AppData\Local\Temp\cc2jUgK6.ltrans0.ltrans.o
 .text.chSchCanYieldS
[...]
Memory Configuration

Name             Origin             Length             Attributes
flash0           0x08000000         0x00100000
flash1           0x00200000         0x00100000
flash2           0x00000000         0x00000000
flash3           0x00000000         0x00000000
flash4           0x00000000         0x00000000
flash5           0x00000000         0x00000000
flash6           0x00000000         0x00000000
flash7           0x00000000         0x00000000
ram0             0x20010000         0x00040000
ram1             0x20010000         0x0003c000
ram2             0x2004c000         0x00004000
ram3             0x20000000         0x00010000
ram4             0x00000000         0x00004000
ram5             0x40024000         0x00001000
ram6             0x00000000         0x00000000
ram7             0x00000000         0x00000000
*default*        0x00000000         0xffffffff

Linker script and memory map

LOAD build/obj/crt0_v7m.o
LOAD build/obj/chcoreasm_v7m.o
LOAD C:\Users\Andry\AppData\Local\Temp\cc2jUgK6.ltrans0.ltrans.o

.mstack         0x20000000      0x400
                0x20000000                . = ALIGN (0x8)
                0x20000000                __main_stack_base__ = .
                0x20000400                . = (. + __main_stack_size__)
 *fill*         0x20000000      0x400 
                0x20000400                . = ALIGN (0x8)
                0x20000400                __main_stack_end__ = .

.pstack         0x20000400      0x400
                0x20000400                __process_stack_base__ = .
                0x20000400                __main_thread_stack_base__ = .
                0x20000800                . = (. + __process_stack_size__)
 *fill*         0x20000400      0x400 
                0x20000800                . = ALIGN (0x8)
                0x20000800                __process_stack_end__ = .
                0x20000800                __main_thread_stack_end__ = .

.nocache        0x20000800        0x0
                0x20000800                __nocache_base__ = .
 *(.nocache)
 *(.nocache.*)
 *(.bss.__nocache_*)
                0x20000800                . = ALIGN (0x4)
                0x20000800                __nocache_end__ = .

.eth            0x20000800        0x0
                0x20000800                __eth_base__ = .
 *(.eth)
 *(.eth.*)
 *(.bss.__eth_*)
                0x20000800                . = ALIGN (0x4)
                0x20000800                __eth_end__ = .

.vectors        0x00200000      0x200 load address 0x08000000
 *(.vectors)
 .vectors       0x00200000      0x200 C:\Users\Andry\AppData\Local\Temp\cc2jUgK6.ltrans0.ltrans.o
                0x00200000                _vectors

.xtors          0x00200200        0x0 load address 0x08000200
                0x00200200                __init_array_start = .
 *(SORT_BY_NAME(.init_array.*))
 *(.init_array)
                0x00200200                __init_array_end = .
                0x00200200                __fini_array_start = .
 *(.fini_array)
 *(SORT_BY_NAME(.fini_array.*))
                0x00200200                __fini_array_end = .

.text           0x00200200     0x47a4 load address 0x08000200
 *(.text)
 .text          0x00200200       0xd8 build/obj/crt0_v7m.o
                0x00200200                Reset_Handler
 .text          0x002002d8       0x34 build/obj/chcoreasm_v7m.o
                0x002002d8                _port_switch
                0x002002e8                _port_thread_start
                0x002002fc                _port_switch_from_isr
                0x00200308                _port_exit_from_isr
 *(.text.*)
 *fill*         0x0020030c        0x4 
 .text.SCB_EnableICache
                0x00200310       0x2c C:\Users\Andry\AppData\Local\Temp\cc2jUgK6.ltrans0.ltrans.o
 *fill*         0x0020033c        0x4 
 .text.SCB_EnableDCache
                0x00200340       0x74 C:\Users\Andry\AppData\Local\Temp\cc2jUgK6.ltrans0.ltrans.o
 *fill*         0x002003b4        0xc 
 .text.__core_init
                0x002003c0        0xc C:\Users\Andry\AppData\Local\Temp\cc2jUgK6.ltrans0.ltrans.o
                0x002003c0                __core_init
 *fill*         0x002003cc        0x4 
 .text.__late_init
                0x002003d0        0x4 C:\Users\Andry\AppData\Local\Temp\cc2jUgK6.ltrans0.ltrans.o
                0x002003d0                __late_init
 *fill*         0x002003d4        0xc 
 .text.__default_exit
                0x002003e0        0x4 C:\Users\Andry\AppData\Local\Temp\cc2jUgK6.ltrans0.ltrans.o
                0x002003e0                __default_exit
 *fill*         0x002003e4        0xc 
 .text.__init_ram_areas
                0x002003f0       0x64 C:\Users\Andry\AppData\Local\Temp\cc2jUgK6.ltrans0.ltrans.o
                0x002003f0                __init_ram_areas
 *fill*         0x00200454        0xc 
 .text._unhandled_exception
                0x00200460        0x4 C:\Users\Andry\AppData\Local\Temp\cc2jUgK6.ltrans0.ltrans.o
 *fill*         0x00200464        0xc 
 .text.NVIC_SetPriorityGrouping
                0x00200470       0x3c C:\Users\Andry\AppData\Local\Temp\cc2jUgK6.ltrans0.ltrans.o
 *fill*         0x002004ac        0x4 
 .text.NVIC_SetPriority
                0x002004b0       0x4c C:\Users\Andry\AppData\Local\Temp\cc2jUgK6.ltrans0.ltrans.o
 *fill*         0x002004fc        0x4 
 .text.port_init
                0x00200500       0x4c C:\Users\Andry\AppData\Local\Temp\cc2jUgK6.ltrans0.ltrans.o
 *fill*         0x0020054c        0x4 
 .text.port_lock.lto_priv.54
                0x00200550       0x14 C:\Users\Andry\AppData\Local\Temp\cc2jUgK6.ltrans0.ltrans.o
 *fill*         0x00200564        0xc 
 .text.port_unlock.lto_priv.30
                0x00200570       0x10 C:\Users\Andry\AppData\Local\Temp\cc2jUgK6.ltrans0.ltrans.o
 .text.port_lock_from_isr.lto_priv.23
                0x00200580        0x8 C:\Users\Andry\AppData\Local\Temp\cc2jUgK6.ltrans0.ltrans.o
 *fill*         0x00200588        0x8 
 .text.port_unlock_from_isr.lto_priv.16
                0x00200590        0x8 C:\Users\Andry\AppData\Local\Temp\cc2jUgK6.ltrans0.ltrans.o
 *fill*         0x00200598        0x8 
 .text.port_disable
                0x002005a0        0x4 C:\Users\Andry\AppData\Local\Temp\cc2jUgK6.ltrans0.ltrans.o
 *fill*         0x002005a4        0xc 
 .text.port_enable
                0x002005b0       0x14 C:\Users\Andry\AppData\Local\Temp\cc2jUgK6.ltrans0.ltrans.o
 *fill*         0x002005c4        0xc 
 .text.port_wait_for_interrupt
                0x002005d0        0x4 C:\Users\Andry\AppData\Local\Temp\cc2jUgK6.ltrans0.ltrans.o
 *fill*         0x002005d4        0xc 
 .text.st_lld_get_counter.lto_priv.192
                0x002005e0        0xc C:\Users\Andry\AppData\Local\Temp\cc2jUgK6.ltrans0.ltrans.o
 *fill*         0x002005ec        0x4 
 .text.port_timer_stop_alarm.lto_priv.260
                0x002005f0        0x8 C:\Users\Andry\AppData\Local\Temp\cc2jUgK6.ltrans0.ltrans.o
 *fill*         0x002005f8        0x8 
 .text.port_timer_set_alarm.lto_priv.258
                0x00200600       0x14 C:\Users\Andry\AppData\Local\Temp\cc2jUgK6.ltrans0.ltrans.o
 *fill*         0x00200614        0xc 
 .text.port_timer_get_time.lto_priv.187
                0x00200620        0xc C:\Users\Andry\AppData\Local\Temp\cc2jUgK6.ltrans0.ltrans.o
 *fill*         0x0020062c        0x4 
 .text.chSysEnable
                0x00200630        0xc C:\Users\Andry\AppData\Local\Temp\cc2jUgK6.ltrans0.ltrans.o
 *fill*         0x0020063c        0x4 
 .text.chSysLockFromISR.lto_priv.12
                0x00200640        0xc C:\Users\Andry\AppData\Local\Temp\cc2jUgK6.ltrans0.ltrans.o
 *fill*         0x0020064c        0x4 
 .text.chSysUnlockFromISR.lto_priv.8
                0x00200650        0xc C:\Users\Andry\AppData\Local\Temp\cc2jUgK6.ltrans0.ltrans.o
 *fill*         0x0020065c        0x4 
 .text.chVTGetSystemTimeX.lto_priv.174
                0x00200660        0xc C:\Users\Andry\AppData\Local\Temp\cc2jUgK6.ltrans0.ltrans.o
 *fill*         0x0020066c        0x4 
 .text.chVTDoTickI
                0x00200670       0xe0 C:\Users\Andry\AppData\Local\Temp\cc2jUgK6.ltrans0.ltrans.o
 .text._idle_thread
                0x00200750        0xc C:\Users\Andry\AppData\Local\Temp\cc2jUgK6.ltrans0.ltrans.o
 *fill*         0x0020075c        0x4 
 .text.chSysInit
                0x00200760       0x6c C:\Users\Andry\AppData\Local\Temp\cc2jUgK6.ltrans0.ltrans.o
 *fill*         0x002007cc        0x4 
 .text.chSysHalt
                0x002007d0       0x1c C:\Users\Andry\AppData\Local\Temp\cc2jUgK6.ltrans0.ltrans.o
 *fill*         0x002007ec        0x4 
 .text.chSysTimerHandlerI
                0x002007f0        0xc C:\Users\Andry\AppData\Local\Temp\cc2jUgK6.ltrans0.ltrans.o
 *fill*         0x002007fc        0x4 
 .text.port_lock.lto_priv.55
                0x00200800       0x14 C:\Users\Andry\AppData\Local\Temp\cc2jUgK6.ltrans0.ltrans.o
 *fill*         0x00200814        0xc 
 .text.port_unlock.lto_priv.31
                0x00200820       0x10 C:\Users\Andry\AppData\Local\Temp\cc2jUgK6.ltrans0.ltrans.o
 .text.port_lock_from_isr.lto_priv.24
                0x00200830        0x8 C:\Users\Andry\AppData\Local\Temp\cc2jUgK6.ltrans0.ltrans.o
 *fill*         0x00200838        0x8 
 .text.port_unlock_from_isr.lto_priv.17
                0x00200840        0x8 C:\Users\Andry\AppData\Local\Temp\cc2jUgK6.ltrans0.ltrans.o
 *fill*         0x00200848        0x8 
 .text._dbg_check_enable
                0x00200850       0x24 C:\Users\Andry\AppData\Local\Temp\cc2jUgK6.ltrans0.ltrans.o
 *fill*         0x00200874        0xc 
 .text._dbg_check_lock
                0x00200880       0x28 C:\Users\Andry\AppData\Local\Temp\cc2jUgK6.ltrans0.ltrans.o
                0x00200880                _dbg_check_lock
 *fill*         0x002008a8        0x8 
 .text._dbg_check_unlock
                0x002008b0       0x28 C:\Users\Andry\AppData\Local\Temp\cc2jUgK6.ltrans0.ltrans.o
                0x002008b0                _dbg_check_unlock
 *fill*         0x002008d8        0x8 
 .text._dbg_check_lock_from_isr
                0x002008e0       0x28 C:\Users\Andry\AppData\Local\Temp\cc2jUgK6.ltrans0.ltrans.o
 *fill*         0x00200908        0x8 
 .text._dbg_check_unlock_from_isr
                0x00200910       0x28 C:\Users\Andry\AppData\Local\Temp\cc2jUgK6.ltrans0.ltrans.o
 *fill*         0x00200938        0x8 
 .text._dbg_check_enter_isr
                0x00200940       0x34 C:\Users\Andry\AppData\Local\Temp\cc2jUgK6.ltrans0.ltrans.o
 *fill*         0x00200974        0xc 
 .text._dbg_check_leave_isr
                0x00200980       0x34 C:\Users\Andry\AppData\Local\Temp\cc2jUgK6.ltrans0.ltrans.o
 *fill*         0x002009b4        0xc 
 .text.chDbgCheckClassI
                0x002009c0       0x24 C:\Users\Andry\AppData\Local\Temp\cc2jUgK6.ltrans0.ltrans.o
 *fill*         0x002009e4        0xc 
 .text.chDbgCheckClassS
                0x002009f0       0x24 C:\Users\Andry\AppData\Local\Temp\cc2jUgK6.ltrans0.ltrans.o
 *fill*         0x00200a14        0xc 
 .text.port_lock.lto_priv.56
                0x00200a20       0x14 C:\Users\Andry\AppData\Local\Temp\cc2jUgK6.ltrans0.ltrans.o
 *fill*         0x00200a34        0xc 
 .text.port_unlock.lto_priv.32
                0x00200a40       0x10 C:\Users\Andry\AppData\Local\Temp\cc2jUgK6.ltrans0.ltrans.o
 .text.port_lock_from_isr.lto_priv.25
                0x00200a50        0x8 C:\Users\Andry\AppData\Local\Temp\cc2jUgK6.ltrans0.ltrans.o
 *fill*         0x00200a58        0x8 
 .text.port_unlock_from_isr.lto_priv.18
                0x00200a60        0x8 C:\Users\Andry\AppData\Local\Temp\cc2jUgK6.ltrans0.ltrans.o
 *fill*         0x00200a68        0x8 
 .text.port_rt_get_counter_value.lto_priv.256
                0x00200a70        0xc C:\Users\Andry\AppData\Local\Temp\cc2jUgK6.ltrans0.ltrans.o
 *fill*         0x00200a7c        0x4 
 .text.st_lld_get_counter.lto_priv.193
                0x00200a80        0xc C:\Users\Andry\AppData\Local\Temp\cc2jUgK6.ltrans0.ltrans.o
 *fill*         0x00200a8c        0x4 
 .text.port_timer_get_time.lto_priv.188
                0x00200a90        0xc C:\Users\Andry\AppData\Local\Temp\cc2jUgK6.ltrans0.ltrans.o
 *fill*         0x00200a9c        0x4 
 .text.chVTGetSystemTimeX.lto_priv.175
                0x00200aa0        0xc C:\Users\Andry\AppData\Local\Temp\cc2jUgK6.ltrans0.ltrans.o
 *fill*         0x00200aac        0x4 
 .text.trace_next
                0x00200ab0       0x4c C:\Users\Andry\AppData\Local\Temp\cc2jUgK6.ltrans0.ltrans.o
 *fill*         0x00200afc        0x4 
 .text._trace_init
                0x00200b00       0x4c C:\Users\Andry\AppData\Local\Temp\cc2jUgK6.ltrans0.ltrans.o
 *fill*         0x00200b4c        0x4 
 .text._trace_switch
                0x00200b50       0x60 C:\Users\Andry\AppData\Local\Temp\cc2jUgK6.ltrans0.ltrans.o
 .text._trace_isr_enter
                0x00200bb0       0x4c C:\Users\Andry\AppData\Local\Temp\cc2jUgK6.ltrans0.ltrans.o
 *fill*         0x00200bfc        0x4 
 .text._trace_isr_leave
                0x00200c00       0x4c C:\Users\Andry\AppData\Local\Temp\cc2jUgK6.ltrans0.ltrans.o
 *fill*         0x00200c4c        0x4 
 .text._trace_halt
                0x00200c50       0x44 C:\Users\Andry\AppData\Local\Temp\cc2jUgK6.ltrans0.ltrans.o
 *fill*         0x00200c94        0xc 
 .text.st_lld_get_counter.lto_priv.194
                0x00200ca0        0xc C:\Users\Andry\AppData\Local\Temp\cc2jUgK6.ltrans0.ltrans.o
 *fill*         0x00200cac        0x4 
 .text.port_timer_start_alarm
                0x00200cb0       0x14 C:\Users\Andry\AppData\Local\Temp\cc2jUgK6.ltrans0.ltrans.o
 *fill*         0x00200cc4        0xc 
 .text.port_timer_stop_alarm.lto_priv.261
                0x00200cd0        0x8 C:\Users\Andry\AppData\Local\Temp\cc2jUgK6.ltrans0.ltrans.o
 *fill*         0x00200cd8        0x8 
 .text.port_timer_set_alarm.lto_priv.259
                0x00200ce0       0x14 C:\Users\Andry\AppData\Local\Temp\cc2jUgK6.ltrans0.ltrans.o
 *fill*         0x00200cf4        0xc 
 .text.port_timer_get_time.lto_priv.189
                0x00200d00        0xc C:\Users\Andry\AppData\Local\Temp\cc2jUgK6.ltrans0.ltrans.o
 *fill*         0x00200d0c        0x4 
 .text.chVTGetSystemTimeX.lto_priv.176
                0x00200d10        0xc C:\Users\Andry\AppData\Local\Temp\cc2jUgK6.ltrans0.ltrans.o
 *fill*         0x00200d1c        0x4 
 .text._vt_init
                0x00200d20       0x24 C:\Users\Andry\AppData\Local\Temp\cc2jUgK6.ltrans0.ltrans.o
 *fill*         0x00200d44        0xc 
 .text.chVTDoSetI
                0x00200d50      0x144 C:\Users\Andry\AppData\Local\Temp\cc2jUgK6.ltrans0.ltrans.o
 *fill*         0x00200e94        0xc 
 .text.chVTDoResetI
                0x00200ea0       0xf8 C:\Users\Andry\AppData\Local\Temp\cc2jUgK6.ltrans0.ltrans.o
 *fill*         0x00200f98        0x8 
 .text.port_lock.lto_priv.57
                0x00200fa0       0x14 C:\Users\Andry\AppData\Local\Temp\cc2jUgK6.ltrans0.ltrans.o
 *fill*         0x00200fb4        0xc 
 .text.port_unlock.lto_priv.33
                0x00200fc0       0x10 C:\Users\Andry\AppData\Local\Temp\cc2jUgK6.ltrans0.ltrans.o
 .text.port_lock_from_isr.lto_priv.26
                0x00200fd0        0x8 C:\Users\Andry\AppData\Local\Temp\cc2jUgK6.ltrans0.ltrans.o
 *fill*         0x00200fd8        0x8 
 .text.port_unlock_from_isr.lto_priv.19
                0x00200fe0        0x8 C:\Users\Andry\AppData\Local\Temp\cc2jUgK6.ltrans0.ltrans.o
 *fill*         0x00200fe8        0x8 
 .text.queue_init.lto_priv.179
                0x00200ff0       0x14 C:\Users\Andry\AppData\Local\Temp\cc2jUgK6.ltrans0.ltrans.o
 *fill*         0x00201004        0xc 
 .text.queue_fifo_remove.lto_priv.228
                0x00201010       0x24 C:\Users\Andry\AppData\Local\Temp\cc2jUgK6.ltrans0.ltrans.o
 *fill*         0x00201034        0xc 
 .text.queue_dequeue.lto_priv.249
                0x00201040       0x20 C:\Users\Andry\AppData\Local\Temp\cc2jUgK6.ltrans0.ltrans.o
 .text.chSchIsRescRequiredI
                0x00201060       0x24 C:\Users\Andry\AppData\Local\Temp\cc2jUgK6.ltrans0.ltrans.o
 *fill*         0x00201084        0xc 
 .text.chSysLockFromISR.lto_priv.13
                0x00201090        0xc C:\Users\Andry\AppData\Local\Temp\cc2jUgK6.ltrans0.ltrans.o
 *fill*         0x0020109c        0x4 
 .text.chSysUnlockFromISR.lto_priv.9
                0x002010a0        0xc C:\Users\Andry\AppData\Local\Temp\cc2jUgK6.ltrans0.ltrans.o
 *fill*         0x002010ac        0x4 
 .text.chVTIsArmedI
                0x002010b0       0x20 C:\Users\Andry\AppData\Local\Temp\cc2jUgK6.ltrans0.ltrans.o
 .text.chSemFastSignalI
                0x002010d0       0x1c C:\Users\Andry\AppData\Local\Temp\cc2jUgK6.ltrans0.ltrans.o
 *fill*         0x002010ec        0x4 
 .text._scheduler_init
                0x002010f0       0x20 C:\Users\Andry\AppData\Local\Temp\cc2jUgK6.ltrans0.ltrans.o
 .text.chSchReadyI
                0x00201110       0x7c C:\Users\Andry\AppData\Local\Temp\cc2jUgK6.ltrans0.ltrans.o
 *fill*         0x0020118c        0x4 
 .text.chSchReadyAheadI
                0x00201190       0x7c C:\Users\Andry\AppData\Local\Temp\cc2jUgK6.ltrans0.ltrans.o
 *fill*         0x0020120c        0x4 
 .text.chSchGoSleepS
                0x00201210       0x78 C:\Users\Andry\AppData\Local\Temp\cc2jUgK6.ltrans0.ltrans.o
 *fill*         0x00201288        0x8 
 .text.wakeup   0x00201290       0x78 C:\Users\Andry\AppData\Local\Temp\cc2jUgK6.ltrans0.ltrans.o
 *fill*         0x00201308        0x8 
 .text.chSchGoSleepTimeoutS
                0x00201310       0x68 C:\Users\Andry\AppData\Local\Temp\cc2jUgK6.ltrans0.ltrans.o
 *fill*         0x00201378        0x8 
 .text.chSchWakeupS
                0x00201380       0xa0 C:\Users\Andry\AppData\Local\Temp\cc2jUgK6.ltrans0.ltrans.o
 .text.chSchRescheduleS
                0x00201420       0x18 C:\Users\Andry\AppData\Local\Temp\cc2jUgK6.ltrans0.ltrans.o
 *fill*         0x00201438        0x8 
 .text.chSchIsPreemptionRequired
                0x00201440       0x2c C:\Users\Andry\AppData\Local\Temp\cc2jUgK6.ltrans0.ltrans.o
 *fill*         0x0020146c        0x4 
 .text.chSchDoRescheduleAhead
                0x00201470       0x6c C:\Users\Andry\AppData\Local\Temp\cc2jUgK6.ltrans0.ltrans.o
 *fill*         0x002014dc        0x4 
 .text.chSchDoReschedule
                0x002014e0       0x6c C:\Users\Andry\AppData\Local\Temp\cc2jUgK6.ltrans0.ltrans.o
                0x002014e0                chSchDoReschedule
 *fill*         0x0020154c        0x4 
 .text.port_lock.lto_priv.58
                0x00201550       0x14 C:\Users\Andry\AppData\Local\Temp\cc2jUgK6.ltrans0.ltrans.o
 *fill*         0x00201564        0xc 
 .text.port_unlock.lto_priv.34
                0x00201570       0x10 C:\Users\Andry\AppData\Local\Temp\cc2jUgK6.ltrans0.ltrans.o
 .text.list_init
                0x00201580       0x10 C:\Users\Andry\AppData\Local\Temp\cc2jUgK6.ltrans0.ltrans.o
 .text.list_notempty
                0x00201590       0x1c C:\Users\Andry\AppData\Local\Temp\cc2jUgK6.ltrans0.ltrans.o
 *fill*         0x002015ac        0x4 
 .text.queue_init.lto_priv.180
                0x002015b0       0x14 C:\Users\Andry\AppData\Local\Temp\cc2jUgK6.ltrans0.ltrans.o
 *fill*         0x002015c4        0xc 
 .text.queue_notempty.lto_priv.245
                0x002015d0       0x1c C:\Users\Andry\AppData\Local\Temp\cc2jUgK6.ltrans0.ltrans.o
 *fill*         0x002015ec        0x4 
 .text.list_remove
                0x002015f0       0x1c C:\Users\Andry\AppData\Local\Temp\cc2jUgK6.ltrans0.ltrans.o
 *fill*         0x0020160c        0x4 
 .text.queue_insert.lto_priv.234
                0x00201610       0x28 C:\Users\Andry\AppData\Local\Temp\cc2jUgK6.ltrans0.ltrans.o
 *fill*         0x00201638        0x8 
 .text.queue_fifo_remove.lto_priv.229
                0x00201640       0x24 C:\Users\Andry\AppData\Local\Temp\cc2jUgK6.ltrans0.ltrans.o
 *fill*         0x00201664        0xc 
 .text.chSysLock.lto_priv.142
                0x00201670        0xc C:\Users\Andry\AppData\Local\Temp\cc2jUgK6.ltrans0.ltrans.o
 *fill*         0x0020167c        0x4 
 .text.chSysUnlock.lto_priv.106
                0x00201680       0x34 C:\Users\Andry\AppData\Local\Temp\cc2jUgK6.ltrans0.ltrans.o
 *fill*         0x002016b4        0xc 
 .text.chThdGetWorkingAreaX.lto_priv.253
                0x002016c0       0x10 C:\Users\Andry\AppData\Local\Temp\cc2jUgK6.ltrans0.ltrans.o
 .text.chThdSleepS
                0x002016d0       0x24 C:\Users\Andry\AppData\Local\Temp\cc2jUgK6.ltrans0.ltrans.o
 *fill*         0x002016f4        0xc 
 .text.chThdDoDequeueNextI
                0x00201700       0x50 C:\Users\Andry\AppData\Local\Temp\cc2jUgK6.ltrans0.ltrans.o
 .text._thread_init
                0x00201750       0x80 C:\Users\Andry\AppData\Local\Temp\cc2jUgK6.ltrans0.ltrans.o
 .text._thread_memfill
                0x002017d0       0x28 C:\Users\Andry\AppData\Local\Temp\cc2jUgK6.ltrans0.ltrans.o
 *fill*         0x002017f8        0x8 
 .text.chThdCreateSuspendedI
                0x00201800       0xc0 C:\Users\Andry\AppData\Local\Temp\cc2jUgK6.ltrans0.ltrans.o
 .text.chThdCreate
                0x002018c0       0x54 C:\Users\Andry\AppData\Local\Temp\cc2jUgK6.ltrans0.ltrans.o
 *fill*         0x00201914        0xc 
 .text.chThdRelease
                0x00201920       0x9c C:\Users\Andry\AppData\Local\Temp\cc2jUgK6.ltrans0.ltrans.o
 *fill*         0x002019bc        0x4 
 .text.chThdExit
                0x002019c0       0x18 C:\Users\Andry\AppData\Local\Temp\cc2jUgK6.ltrans0.ltrans.o
                0x002019c0                chThdExit
 *fill*         0x002019d8        0x8 
 .text.chThdExitS
                0x002019e0       0x7c C:\Users\Andry\AppData\Local\Temp\cc2jUgK6.ltrans0.ltrans.o
 *fill*         0x00201a5c        0x4 
 .text.chThdSleep
                0x00201a60       0x1c C:\Users\Andry\AppData\Local\Temp\cc2jUgK6.ltrans0.ltrans.o
 *fill*         0x00201a7c        0x4 
 .text.chThdEnqueueTimeoutS
                0x00201a80       0x38 C:\Users\Andry\AppData\Local\Temp\cc2jUgK6.ltrans0.ltrans.o
 *fill*         0x00201ab8        0x8 
 .text.chThdDequeueNextI
                0x00201ac0       0x24 C:\Users\Andry\AppData\Local\Temp\cc2jUgK6.ltrans0.ltrans.o
 *fill*         0x00201ae4        0xc 
 .text.port_rt_get_counter_value.lto_priv.257
                0x00201af0        0xc C:\Users\Andry\AppData\Local\Temp\cc2jUgK6.ltrans0.ltrans.o
 *fill*         0x00201afc        0x4 
 .text.tm_stop  0x00201b00       0x74 C:\Users\Andry\AppData\Local\Temp\cc2jUgK6.ltrans0.ltrans.o
 *fill*         0x00201b74        0xc 
 .text._tm_init
                0x00201b80       0x38 C:\Users\Andry\AppData\Local\Temp\cc2jUgK6.ltrans0.ltrans.o
 *fill*         0x00201bb8        0x8 
 .text.chTMObjectInit
                0x00201bc0       0x34 C:\Users\Andry\AppData\Local\Temp\cc2jUgK6.ltrans0.ltrans.o
 *fill*         0x00201bf4        0xc 
 .text.chTMStartMeasurementX
                0x00201c00       0x18 C:\Users\Andry\AppData\Local\Temp\cc2jUgK6.ltrans0.ltrans.o
 *fill*         0x00201c18        0x8 
 .text.chTMStopMeasurementX
                0x00201c20       0x24 C:\Users\Andry\AppData\Local\Temp\cc2jUgK6.ltrans0.ltrans.o
 *fill*         0x00201c44        0xc 
 .text.port_lock.lto_priv.59
                0x00201c50       0x14 C:\Users\Andry\AppData\Local\Temp\cc2jUgK6.ltrans0.ltrans.o
 *fill*         0x00201c64        0xc 
 .text.port_unlock.lto_priv.35
                0x00201c70       0x10 C:\Users\Andry\AppData\Local\Temp\cc2jUgK6.ltrans0.ltrans.o
 .text.chSysLock.lto_priv.143
                0x00201c80        0xc C:\Users\Andry\AppData\Local\Temp\cc2jUgK6.ltrans0.ltrans.o
 *fill*         0x00201c8c        0x4 
 .text.chSysUnlock.lto_priv.107
                0x00201c90       0x34 C:\Users\Andry\AppData\Local\Temp\cc2jUgK6.ltrans0.ltrans.o
 *fill*         0x00201cc4        0xc 
 .text.chThdGetWorkingAreaX.lto_priv.254
                0x00201cd0       0x10 C:\Users\Andry\AppData\Local\Temp\cc2jUgK6.ltrans0.ltrans.o
 .text.chRegFirstThread
                0x00201ce0       0x30 C:\Users\Andry\AppData\Local\Temp\cc2jUgK6.ltrans0.ltrans.o
 .text.chRegNextThread
                0x00201d10       0x5c C:\Users\Andry\AppData\Local\Temp\cc2jUgK6.ltrans0.ltrans.o
 *fill*         0x00201d6c        0x4 
 .text.chRegFindThreadByWorkingArea
                0x00201d70       0x38 C:\Users\Andry\AppData\Local\Temp\cc2jUgK6.ltrans0.ltrans.o
 *fill*         0x00201da8        0x8 
 .text.port_lock.lto_priv.61
                0x00201db0       0x14 C:\Users\Andry\AppData\Local\Temp\cc2jUgK6.ltrans0.ltrans.o
 *fill*         0x00201dc4        0xc 
 .text.port_unlock.lto_priv.37
                0x00201dd0       0x10 C:\Users\Andry\AppData\Local\Temp\cc2jUgK6.ltrans0.ltrans.o
 .text.queue_init.lto_priv.182
                0x00201de0       0x14 C:\Users\Andry\AppData\Local\Temp\cc2jUgK6.ltrans0.ltrans.o
 *fill*         0x00201df4        0xc 
 .text.queue_notempty.lto_priv.247
                0x00201e00       0x1c C:\Users\Andry\AppData\Local\Temp\cc2jUgK6.ltrans0.ltrans.o
 *fill*         0x00201e1c        0x4 
 .text.queue_prio_insert.lto_priv.243
                0x00201e20       0x44 C:\Users\Andry\AppData\Local\Temp\cc2jUgK6.ltrans0.ltrans.o
 *fill*         0x00201e64        0xc 
 .text.queue_fifo_remove.lto_priv.231
                0x00201e70       0x24 C:\Users\Andry\AppData\Local\Temp\cc2jUgK6.ltrans0.ltrans.o
 *fill*         0x00201e94        0xc 
 .text.queue_dequeue.lto_priv.250
                0x00201ea0       0x20 C:\Users\Andry\AppData\Local\Temp\cc2jUgK6.ltrans0.ltrans.o
 .text.chSysLock.lto_priv.145
                0x00201ec0        0xc C:\Users\Andry\AppData\Local\Temp\cc2jUgK6.ltrans0.ltrans.o
 *fill*         0x00201ecc        0x4 
 .text.chSysUnlock.lto_priv.109
                0x00201ed0       0x34 C:\Users\Andry\AppData\Local\Temp\cc2jUgK6.ltrans0.ltrans.o
 *fill*         0x00201f04        0xc 
 .text.chMtxQueueNotEmptyS
                0x00201f10       0x1c C:\Users\Andry\AppData\Local\Temp\cc2jUgK6.ltrans0.ltrans.o
 *fill*         0x00201f2c        0x4 
 .text.chMtxObjectInit
                0x00201f30       0x2c C:\Users\Andry\AppData\Local\Temp\cc2jUgK6.ltrans0.ltrans.o
 *fill*         0x00201f5c        0x4 
 .text.chMtxLock
                0x00201f60       0x1c C:\Users\Andry\AppData\Local\Temp\cc2jUgK6.ltrans0.ltrans.o
 *fill*         0x00201f7c        0x4 
 .text.chMtxLockS
                0x00201f80       0xfc C:\Users\Andry\AppData\Local\Temp\cc2jUgK6.ltrans0.ltrans.o
 *fill*         0x0020207c        0x4 
 .text.chMtxUnlock
                0x00202080       0xe4 C:\Users\Andry\AppData\Local\Temp\cc2jUgK6.ltrans0.ltrans.o
 *fill*         0x00202164        0xc 
 .text.chEvtBroadcastFlagsI
                0x00202170       0x68 C:\Users\Andry\AppData\Local\Temp\cc2jUgK6.ltrans0.ltrans.o
 *fill*         0x002021d8        0x8 
 .text.chEvtSignalI
                0x002021e0       0x70 C:\Users\Andry\AppData\Local\Temp\cc2jUgK6.ltrans0.ltrans.o
 .text.port_lock.lto_priv.67
                0x00202250       0x14 C:\Users\Andry\AppData\Local\Temp\cc2jUgK6.ltrans0.ltrans.o
 *fill*         0x00202264        0xc 
 .text.port_unlock.lto_priv.43
                0x00202270       0x10 C:\Users\Andry\AppData\Local\Temp\cc2jUgK6.ltrans0.ltrans.o
 .text.chSysLock.lto_priv.151
                0x00202280        0xc C:\Users\Andry\AppData\Local\Temp\cc2jUgK6.ltrans0.ltrans.o
 *fill*         0x0020228c        0x4 
 .text.chSysUnlock.lto_priv.115
                0x00202290       0x34 C:\Users\Andry\AppData\Local\Temp\cc2jUgK6.ltrans0.ltrans.o
 *fill*         0x002022c4        0xc 
 .text._core_init
                0x002022d0       0x1c C:\Users\Andry\AppData\Local\Temp\cc2jUgK6.ltrans0.ltrans.o
 *fill*         0x002022ec        0x4 
 .text.chCoreAllocAlignedWithOffsetI
                0x002022f0       0x88 C:\Users\Andry\AppData\Local\Temp\cc2jUgK6.ltrans0.ltrans.o
 *fill*         0x00202378        0x8 
 .text.chCoreAllocAlignedWithOffset
                0x00202380       0x28 C:\Users\Andry\AppData\Local\Temp\cc2jUgK6.ltrans0.ltrans.o
 *fill*         0x002023a8        0x8 
 .text._heap_init
                0x002023b0       0x28 C:\Users\Andry\AppData\Local\Temp\cc2jUgK6.ltrans0.ltrans.o
 *fill*         0x002023d8        0x8 
 .text.chHeapFree
                0x002023e0      0x110 C:\Users\Andry\AppData\Local\Temp\cc2jUgK6.ltrans0.ltrans.o
 .text.port_lock.lto_priv.68
                0x002024f0       0x14 C:\Users\Andry\AppData\Local\Temp\cc2jUgK6.ltrans0.ltrans.o
 *fill*         0x00202504        0xc 
 .text.port_unlock.lto_priv.44
                0x00202510       0x10 C:\Users\Andry\AppData\Local\Temp\cc2jUgK6.ltrans0.ltrans.o
 .text.chSysLock.lto_priv.152
                0x00202520        0xc C:\Users\Andry\AppData\Local\Temp\cc2jUgK6.ltrans0.ltrans.o
 *fill*         0x0020252c        0x4 
 .text.chSysUnlock.lto_priv.116
                0x00202530       0x34 C:\Users\Andry\AppData\Local\Temp\cc2jUgK6.ltrans0.ltrans.o
 *fill*         0x00202564        0xc 
 .text.chPoolFreeI
                0x00202570       0x3c C:\Users\Andry\AppData\Local\Temp\cc2jUgK6.ltrans0.ltrans.o
 *fill*         0x002025ac        0x4 
 .text.chPoolFree
                0x002025b0       0x20 C:\Users\Andry\AppData\Local\Temp\cc2jUgK6.ltrans0.ltrans.o
 .text.port_lock.lto_priv.69
                0x002025d0       0x14 C:\Users\Andry\AppData\Local\Temp\cc2jUgK6.ltrans0.ltrans.o
 *fill*         0x002025e4        0xc 
 .text.port_unlock.lto_priv.45
                0x002025f0       0x10 C:\Users\Andry\AppData\Local\Temp\cc2jUgK6.ltrans0.ltrans.o
 .text.port_lock_from_isr.lto_priv.27
                0x00202600        0x8 C:\Users\Andry\AppData\Local\Temp\cc2jUgK6.ltrans0.ltrans.o
 *fill*         0x00202608        0x8 
 .text.port_unlock_from_isr.lto_priv.20
                0x00202610        0x8 C:\Users\Andry\AppData\Local\Temp\cc2jUgK6.ltrans0.ltrans.o
 *fill*         0x00202618        0x8 
 .text.SVC_Handler
                0x00202620       0x2c C:\Users\Andry\AppData\Local\Temp\cc2jUgK6.ltrans0.ltrans.o
 *fill*         0x0020264c        0x4 
 .text._port_irq_epilogue
                0x00202650       0x68 C:\Users\Andry\AppData\Local\Temp\cc2jUgK6.ltrans0.ltrans.o
 *fill*         0x002026b8        0x8 
 .text.osalInit
                0x002026c0        0x4 C:\Users\Andry\AppData\Local\Temp\cc2jUgK6.ltrans0.ltrans.o
 *fill*         0x002026c4        0xc 
 .text.halInit  0x002026d0       0x2c C:\Users\Andry\AppData\Local\Temp\cc2jUgK6.ltrans0.ltrans.o
 *fill*         0x002026fc        0x4 
 .text.st_lld_start_alarm
                0x00202700       0x20 C:\Users\Andry\AppData\Local\Temp\cc2jUgK6.ltrans0.ltrans.o
 .text.st_lld_stop_alarm
                0x00202720        0xc C:\Users\Andry\AppData\Local\Temp\cc2jUgK6.ltrans0.ltrans.o
 *fill*         0x0020272c        0x4 
 .text.st_lld_set_alarm
                0x00202730       0x14 C:\Users\Andry\AppData\Local\Temp\cc2jUgK6.ltrans0.ltrans.o
 *fill*         0x00202744        0xc 
 .text.st_lld_is_alarm_active
                0x00202750       0x1c C:\Users\Andry\AppData\Local\Temp\cc2jUgK6.ltrans0.ltrans.o
 *fill*         0x0020276c        0x4 
 .text.stInit   0x00202770        0x8 C:\Users\Andry\AppData\Local\Temp\cc2jUgK6.ltrans0.ltrans.o
 *fill*         0x00202778        0x8 
 .text.stStartAlarm
                0x00202780       0x28 C:\Users\Andry\AppData\Local\Temp\cc2jUgK6.ltrans0.ltrans.o
 *fill*         0x002027a8        0x8 
 .text.stStopAlarm
                0x002027b0        0x8 C:\Users\Andry\AppData\Local\Temp\cc2jUgK6.ltrans0.ltrans.o
 *fill*         0x002027b8        0x8 
 .text.stSetAlarm
                0x002027c0       0x2c C:\Users\Andry\AppData\Local\Temp\cc2jUgK6.ltrans0.ltrans.o
 *fill*         0x002027ec        0x4 
 .text.port_lock.lto_priv.71
                0x002027f0       0x14 C:\Users\Andry\AppData\Local\Temp\cc2jUgK6.ltrans0.ltrans.o
 *fill*         0x00202804        0xc 
 .text.port_unlock.lto_priv.47
                0x00202810       0x10 C:\Users\Andry\AppData\Local\Temp\cc2jUgK6.ltrans0.ltrans.o
 .text.st_lld_get_counter.lto_priv.196
                0x00202820        0xc C:\Users\Andry\AppData\Local\Temp\cc2jUgK6.ltrans0.ltrans.o
 *fill*         0x0020282c        0x4 
 .text.port_timer_get_time.lto_priv.191
                0x00202830        0xc C:\Users\Andry\AppData\Local\Temp\cc2jUgK6.ltrans0.ltrans.o
 *fill*         0x0020283c        0x4 
 .text.queue_init.lto_priv.186
                0x00202840       0x14 C:\Users\Andry\AppData\Local\Temp\cc2jUgK6.ltrans0.ltrans.o
 *fill*         0x00202854        0xc 
 .text.chSysLock.lto_priv.154
                0x00202860        0xc C:\Users\Andry\AppData\Local\Temp\cc2jUgK6.ltrans0.ltrans.o
 *fill*         0x0020286c        0x4 
 .text.chSysUnlock.lto_priv.118
                0x00202870       0x34 C:\Users\Andry\AppData\Local\Temp\cc2jUgK6.ltrans0.ltrans.o
 *fill*         0x002028a4        0xc 
 .text.chVTGetSystemTimeX.lto_priv.178
                0x002028b0        0xc C:\Users\Andry\AppData\Local\Temp\cc2jUgK6.ltrans0.ltrans.o
 *fill*         0x002028bc        0x4 
 .text.chThdQueueObjectInit.lto_priv.173
                0x002028c0       0x14 C:\Users\Andry\AppData\Local\Temp\cc2jUgK6.ltrans0.ltrans.o
 *fill*         0x002028d4        0xc 
 .text.osalSysLock.lto_priv.99
                0x002028e0        0x8 C:\Users\Andry\AppData\Local\Temp\cc2jUgK6.ltrans0.ltrans.o
 *fill*         0x002028e8        0x8 
 .text.osalSysUnlock.lto_priv.93
                0x002028f0        0x8 C:\Users\Andry\AppData\Local\Temp\cc2jUgK6.ltrans0.ltrans.o
 *fill*         0x002028f8        0x8 
 .text.osalOsGetSystemTimeX
                0x00202900        0xc C:\Users\Andry\AppData\Local\Temp\cc2jUgK6.ltrans0.ltrans.o
 *fill*         0x0020290c        0x4 
 .text.osalThreadQueueObjectInit.lto_priv.170
                0x00202910       0x14 C:\Users\Andry\AppData\Local\Temp\cc2jUgK6.ltrans0.ltrans.o
 *fill*         0x00202924        0xc 
 .text.osalThreadEnqueueTimeoutS.lto_priv.168
                0x00202930       0x1c C:\Users\Andry\AppData\Local\Temp\cc2jUgK6.ltrans0.ltrans.o
 *fill*         0x0020294c        0x4 
 .text.osalThreadDequeueNextI.lto_priv.166
                0x00202950       0x18 C:\Users\Andry\AppData\Local\Temp\cc2jUgK6.ltrans0.ltrans.o
 *fill*         0x00202968        0x8 
 .text.iqObjectInit
                0x00202970       0x48 C:\Users\Andry\AppData\Local\Temp\cc2jUgK6.ltrans0.ltrans.o
 *fill*         0x002029b8        0x8 
 .text.iqPutI   0x002029c0       0x7c C:\Users\Andry\AppData\Local\Temp\cc2jUgK6.ltrans0.ltrans.o
 *fill*         0x00202a3c        0x4 
 .text.iqGetTimeout
                0x00202a40       0x80 C:\Users\Andry\AppData\Local\Temp\cc2jUgK6.ltrans0.ltrans.o
 .text.iqReadTimeout
                0x00202ac0       0xf8 C:\Users\Andry\AppData\Local\Temp\cc2jUgK6.ltrans0.ltrans.o
 *fill*         0x00202bb8        0x8 
 .text.oqObjectInit
                0x00202bc0       0x48 C:\Users\Andry\AppData\Local\Temp\cc2jUgK6.ltrans0.ltrans.o
 *fill*         0x00202c08        0x8 
 .text.oqPutTimeout
                0x00202c10       0x84 C:\Users\Andry\AppData\Local\Temp\cc2jUgK6.ltrans0.ltrans.o
 *fill*         0x00202c94        0xc 
 .text.oqGetI   0x00202ca0       0x78 C:\Users\Andry\AppData\Local\Temp\cc2jUgK6.ltrans0.ltrans.o
 *fill*         0x00202d18        0x8 
 .text.oqWriteTimeout
                0x00202d20       0xf8 C:\Users\Andry\AppData\Local\Temp\cc2jUgK6.ltrans0.ltrans.o
 *fill*         0x00202e18        0x8 
 .text.port_lock.lto_priv.72
                0x00202e20       0x14 C:\Users\Andry\AppData\Local\Temp\cc2jUgK6.ltrans0.ltrans.o
 *fill*         0x00202e34        0xc 
 .text.port_unlock.lto_priv.48
                0x00202e40       0x10 C:\Users\Andry\AppData\Local\Temp\cc2jUgK6.ltrans0.ltrans.o
 .text.chSysLock.lto_priv.155
                0x00202e50        0xc C:\Users\Andry\AppData\Local\Temp\cc2jUgK6.ltrans0.ltrans.o
 *fill*         0x00202e5c        0x4 
 .text.chSysUnlock.lto_priv.119
                0x00202e60       0x34 C:\Users\Andry\AppData\Local\Temp\cc2jUgK6.ltrans0.ltrans.o
 *fill*         0x00202e94        0xc 
 .text.osalSysLock.lto_priv.100
                0x00202ea0        0x8 C:\Users\Andry\AppData\Local\Temp\cc2jUgK6.ltrans0.ltrans.o
 *fill*         0x00202ea8        0x8 
 .text.osalSysUnlock.lto_priv.94
                0x00202eb0        0x8 C:\Users\Andry\AppData\Local\Temp\cc2jUgK6.ltrans0.ltrans.o
 *fill*         0x00202eb8        0x8 
 .text.icuInit  0x00202ec0        0x8 C:\Users\Andry\AppData\Local\Temp\cc2jUgK6.ltrans0.ltrans.o
 *fill*         0x00202ec8        0x8 
 .text.icuObjectInit
                0x00202ed0       0x14 C:\Users\Andry\AppData\Local\Temp\cc2jUgK6.ltrans0.ltrans.o
 *fill*         0x00202ee4        0xc 
 .text.icuStart
                0x00202ef0       0x54 C:\Users\Andry\AppData\Local\Temp\cc2jUgK6.ltrans0.ltrans.o
 *fill*         0x00202f44        0xc 
 .text.icuStartCapture
                0x00202f50       0x40 C:\Users\Andry\AppData\Local\Temp\cc2jUgK6.ltrans0.ltrans.o
 .text.icuEnableNotifications
                0x00202f90       0x40 C:\Users\Andry\AppData\Local\Temp\cc2jUgK6.ltrans0.ltrans.o
 .text.port_lock.lto_priv.73
                0x00202fd0       0x14 C:\Users\Andry\AppData\Local\Temp\cc2jUgK6.ltrans0.ltrans.o
 *fill*         0x00202fe4        0xc 
 .text.port_unlock.lto_priv.49
                0x00202ff0       0x10 C:\Users\Andry\AppData\Local\Temp\cc2jUgK6.ltrans0.ltrans.o
 .text.chSysLock.lto_priv.156
                0x00203000        0xc C:\Users\Andry\AppData\Local\Temp\cc2jUgK6.ltrans0.ltrans.o
 *fill*         0x0020300c        0x4 
 .text.chSysUnlock.lto_priv.120
                0x00203010       0x34 C:\Users\Andry\AppData\Local\Temp\cc2jUgK6.ltrans0.ltrans.o
 *fill*         0x00203044        0xc 
 .text.osalSysLock.lto_priv.101
                0x00203050        0x8 C:\Users\Andry\AppData\Local\Temp\cc2jUgK6.ltrans0.ltrans.o
 *fill*         0x00203058        0x8 
 .text.osalSysUnlock.lto_priv.95
                0x00203060        0x8 C:\Users\Andry\AppData\Local\Temp\cc2jUgK6.ltrans0.ltrans.o
 *fill*         0x00203068        0x8 
 .text.pwmInit  0x00203070        0x8 C:\Users\Andry\AppData\Local\Temp\cc2jUgK6.ltrans0.ltrans.o
 *fill*         0x00203078        0x8 
 .text.pwmObjectInit
                0x00203080       0x20 C:\Users\Andry\AppData\Local\Temp\cc2jUgK6.ltrans0.ltrans.o
 .text.pwmStart
                0x002030a0       0x64 C:\Users\Andry\AppData\Local\Temp\cc2jUgK6.ltrans0.ltrans.o
 *fill*         0x00203104        0xc 
 .text.pwmChangePeriod
                0x00203110       0x44 C:\Users\Andry\AppData\Local\Temp\cc2jUgK6.ltrans0.ltrans.o
 *fill*         0x00203154        0xc 
 .text.pwmEnableChannel
                0x00203160       0x68 C:\Users\Andry\AppData\Local\Temp\cc2jUgK6.ltrans0.ltrans.o
 *fill*         0x002031c8        0x8 
 .text.pwmDisableChannel
                0x002031d0       0x68 C:\Users\Andry\AppData\Local\Temp\cc2jUgK6.ltrans0.ltrans.o
 *fill*         0x00203238        0x8 
 .text.pwmEnablePeriodicNotification
                0x00203240       0x48 C:\Users\Andry\AppData\Local\Temp\cc2jUgK6.ltrans0.ltrans.o
 *fill*         0x00203288        0x8 
 .text.pwmEnableChannelNotification
                0x00203290       0x84 C:\Users\Andry\AppData\Local\Temp\cc2jUgK6.ltrans0.ltrans.o
 *fill*         0x00203314        0xc 
 .text.chEvtObjectInit
                0x00203320       0x10 C:\Users\Andry\AppData\Local\Temp\cc2jUgK6.ltrans0.ltrans.o
 .text.osalEventObjectInit
                0x00203330       0x14 C:\Users\Andry\AppData\Local\Temp\cc2jUgK6.ltrans0.ltrans.o
 *fill*         0x00203344        0xc 
 .text.osalEventBroadcastFlagsI.lto_priv.2
                0x00203350       0x18 C:\Users\Andry\AppData\Local\Temp\cc2jUgK6.ltrans0.ltrans.o
 *fill*         0x00203368        0x8 
 .text._write   0x00203370       0x28 C:\Users\Andry\AppData\Local\Temp\cc2jUgK6.ltrans0.ltrans.o
 *fill*         0x00203398        0x8 
 .text._read    0x002033a0       0x28 C:\Users\Andry\AppData\Local\Temp\cc2jUgK6.ltrans0.ltrans.o
 *fill*         0x002033c8        0x8 
 .text._put     0x002033d0       0x28 C:\Users\Andry\AppData\Local\Temp\cc2jUgK6.ltrans0.ltrans.o
 *fill*         0x002033f8        0x8 
 .text._get     0x00203400       0x20 C:\Users\Andry\AppData\Local\Temp\cc2jUgK6.ltrans0.ltrans.o
 .text._putt    0x00203420       0x28 C:\Users\Andry\AppData\Local\Temp\cc2jUgK6.ltrans0.ltrans.o
 *fill*         0x00203448        0x8 
 .text._gett    0x00203450       0x20 C:\Users\Andry\AppData\Local\Temp\cc2jUgK6.ltrans0.ltrans.o
 .text._writet  0x00203470       0x28 C:\Users\Andry\AppData\Local\Temp\cc2jUgK6.ltrans0.ltrans.o
 *fill*         0x00203498        0x8 
 .text._readt   0x002034a0       0x28 C:\Users\Andry\AppData\Local\Temp\cc2jUgK6.ltrans0.ltrans.o
 *fill*         0x002034c8        0x8 
 .text.sdInit   0x002034d0        0x8 C:\Users\Andry\AppData\Local\Temp\cc2jUgK6.ltrans0.ltrans.o
 *fill*         0x002034d8        0x8 
 .text.sdObjectInit
                0x002034e0       0x28 C:\Users\Andry\AppData\Local\Temp\cc2jUgK6.ltrans0.ltrans.o
 *fill*         0x00203508        0x8 
 .text.sdIncomingDataI
                0x00203510       0x60 C:\Users\Andry\AppData\Local\Temp\cc2jUgK6.ltrans0.ltrans.o
 .text.nvicEnableVector
                0x00203570       0x54 C:\Users\Andry\AppData\Local\Temp\cc2jUgK6.ltrans0.ltrans.o
 *fill*         0x002035c4        0xc 
 .text.hal_lld_backup_domain_init
                0x002035d0       0x58 C:\Users\Andry\AppData\Local\Temp\cc2jUgK6.ltrans0.ltrans.o
 *fill*         0x00203628        0x8 
 .text.hal_lld_init
                0x00203630       0x54 C:\Users\Andry\AppData\Local\Temp\cc2jUgK6.ltrans0.ltrans.o
 *fill*         0x00203684        0xc 
 .text.stm32_clock_init
                0x00203690      0x134 C:\Users\Andry\AppData\Local\Temp\cc2jUgK6.ltrans0.ltrans.o
 *fill*         0x002037c4        0xc 
 .text.initgpio
                0x002037d0       0x44 C:\Users\Andry\AppData\Local\Temp\cc2jUgK6.ltrans0.ltrans.o
 *fill*         0x00203814        0xc 
 .text._pal_lld_init
                0x00203820       0xdc C:\Users\Andry\AppData\Local\Temp\cc2jUgK6.ltrans0.ltrans.o
 *fill*         0x002038fc        0x4 
 .text._pal_lld_setgroupmode
                0x00203900      0x16c C:\Users\Andry\AppData\Local\Temp\cc2jUgK6.ltrans0.ltrans.o
 *fill*         0x00203a6c        0x4 
 .text.port_lock.lto_priv.75
                0x00203a70       0x14 C:\Users\Andry\AppData\Local\Temp\cc2jUgK6.ltrans0.ltrans.o
 *fill*         0x00203a84        0xc 
 .text.port_unlock.lto_priv.51
                0x00203a90       0x10 C:\Users\Andry\AppData\Local\Temp\cc2jUgK6.ltrans0.ltrans.o
 .text.port_lock_from_isr.lto_priv.28
                0x00203aa0        0x8 C:\Users\Andry\AppData\Local\Temp\cc2jUgK6.ltrans0.ltrans.o
 *fill*         0x00203aa8        0x8 
 .text.port_unlock_from_isr.lto_priv.21
                0x00203ab0        0x8 C:\Users\Andry\AppData\Local\Temp\cc2jUgK6.ltrans0.ltrans.o
 *fill*         0x00203ab8        0x8 
 .text.chSysLockFromISR.lto_priv.14
                0x00203ac0        0xc C:\Users\Andry\AppData\Local\Temp\cc2jUgK6.ltrans0.ltrans.o
 *fill*         0x00203acc        0x4 
 .text.chSysUnlockFromISR.lto_priv.10
                0x00203ad0        0xc C:\Users\Andry\AppData\Local\Temp\cc2jUgK6.ltrans0.ltrans.o
 *fill*         0x00203adc        0x4 
 .text.osalSysLockFromISR.lto_priv.6
                0x00203ae0        0x8 C:\Users\Andry\AppData\Local\Temp\cc2jUgK6.ltrans0.ltrans.o
 *fill*         0x00203ae8        0x8 
 .text.osalSysUnlockFromISR.lto_priv.4
                0x00203af0        0x8 C:\Users\Andry\AppData\Local\Temp\cc2jUgK6.ltrans0.ltrans.o
 *fill*         0x00203af8        0x8 
 .text.osalOsTimerHandlerI
                0x00203b00        0x8 C:\Users\Andry\AppData\Local\Temp\cc2jUgK6.ltrans0.ltrans.o
 *fill*         0x00203b08        0x8 
 .text.Vector108
                0x00203b10       0x44 C:\Users\Andry\AppData\Local\Temp\cc2jUgK6.ltrans0.ltrans.o
 *fill*         0x00203b54        0xc 
 .text.st_lld_init
                0x00203b60       0x64 C:\Users\Andry\AppData\Local\Temp\cc2jUgK6.ltrans0.ltrans.o
 *fill*         0x00203bc4        0xc 
 .text.VectorB0
                0x00203bd0       0x2c C:\Users\Andry\AppData\Local\Temp\cc2jUgK6.ltrans0.ltrans.o
 *fill*         0x00203bfc        0x4 
 .text.icu_lld_init
                0x00203c00       0x18 C:\Users\Andry\AppData\Local\Temp\cc2jUgK6.ltrans0.ltrans.o
 *fill*         0x00203c18        0x8 
 .text.icu_lld_start
                0x00203c20      0x190 C:\Users\Andry\AppData\Local\Temp\cc2jUgK6.ltrans0.ltrans.o
 .text.icu_lld_start_capture
                0x00203db0       0x28 C:\Users\Andry\AppData\Local\Temp\cc2jUgK6.ltrans0.ltrans.o
 *fill*         0x00203dd8        0x8 
 .text.icu_lld_enable_notifications
                0x00203de0       0x80 C:\Users\Andry\AppData\Local\Temp\cc2jUgK6.ltrans0.ltrans.o
 .text.icu_lld_serve_interrupt
                0x00203e60       0xfc C:\Users\Andry\AppData\Local\Temp\cc2jUgK6.ltrans0.ltrans.o
 *fill*         0x00203f5c        0x4 
 .text.VectorA4
                0x00203f60       0x2c C:\Users\Andry\AppData\Local\Temp\cc2jUgK6.ltrans0.ltrans.o
 *fill*         0x00203f8c        0x4 
 .text.VectorAC
                0x00203f90       0x2c C:\Users\Andry\AppData\Local\Temp\cc2jUgK6.ltrans0.ltrans.o
 *fill*         0x00203fbc        0x4 
 .text.VectorA8
                0x00203fc0       0x2c C:\Users\Andry\AppData\Local\Temp\cc2jUgK6.ltrans0.ltrans.o
 *fill*         0x00203fec        0x4 
 .text.VectorEC
                0x00203ff0       0x2c C:\Users\Andry\AppData\Local\Temp\cc2jUgK6.ltrans0.ltrans.o
 *fill*         0x0020401c        0x4 
 .text.pwm_lld_init
                0x00204020       0x38 C:\Users\Andry\AppData\Local\Temp\cc2jUgK6.ltrans0.ltrans.o
 *fill*         0x00204058        0x8 
 .text.pwm_lld_start
                0x00204060      0x25c C:\Users\Andry\AppData\Local\Temp\cc2jUgK6.ltrans0.ltrans.o
 *fill*         0x002042bc        0x4 
 .text.pwm_lld_enable_channel
                0x002042c0       0x40 C:\Users\Andry\AppData\Local\Temp\cc2jUgK6.ltrans0.ltrans.o
 .text.pwm_lld_disable_channel
                0x00204300       0x58 C:\Users\Andry\AppData\Local\Temp\cc2jUgK6.ltrans0.ltrans.o
 *fill*         0x00204358        0x8 
 .text.pwm_lld_enable_periodic_notification
                0x00204360       0x30 C:\Users\Andry\AppData\Local\Temp\cc2jUgK6.ltrans0.ltrans.o
 .text.pwm_lld_enable_channel_notification
                0x00204390       0x68 C:\Users\Andry\AppData\Local\Temp\cc2jUgK6.ltrans0.ltrans.o
 *fill*         0x002043f8        0x8 
 .text.pwm_lld_serve_interrupt
                0x00204400       0xc4 C:\Users\Andry\AppData\Local\Temp\cc2jUgK6.ltrans0.ltrans.o
 *fill*         0x002044c4        0xc 
 .text.port_lock.lto_priv.77
                0x002044d0       0x14 C:\Users\Andry\AppData\Local\Temp\cc2jUgK6.ltrans0.ltrans.o
 *fill*         0x002044e4        0xc 
 .text.port_unlock.lto_priv.53
                0x002044f0       0x10 C:\Users\Andry\AppData\Local\Temp\cc2jUgK6.ltrans0.ltrans.o
 .text.port_lock_from_isr.lto_priv.29
                0x00204500        0x8 C:\Users\Andry\AppData\Local\Temp\cc2jUgK6.ltrans0.ltrans.o
 *fill*         0x00204508        0x8 
 .text.port_unlock_from_isr.lto_priv.22
                0x00204510        0x8 C:\Users\Andry\AppData\Local\Temp\cc2jUgK6.ltrans0.ltrans.o
 *fill*         0x00204518        0x8 
 .text.chSysLockFromISR.lto_priv.15
                0x00204520        0xc C:\Users\Andry\AppData\Local\Temp\cc2jUgK6.ltrans0.ltrans.o
 *fill*         0x0020452c        0x4 
 .text.chSysUnlockFromISR.lto_priv.11
                0x00204530        0xc C:\Users\Andry\AppData\Local\Temp\cc2jUgK6.ltrans0.ltrans.o
 *fill*         0x0020453c        0x4 
 .text.osalSysLockFromISR.lto_priv.7
                0x00204540        0x8 C:\Users\Andry\AppData\Local\Temp\cc2jUgK6.ltrans0.ltrans.o
 *fill*         0x00204548        0x8 
 .text.osalSysUnlockFromISR.lto_priv.5
                0x00204550        0x8 C:\Users\Andry\AppData\Local\Temp\cc2jUgK6.ltrans0.ltrans.o
 *fill*         0x00204558        0x8 
 .text.osalEventBroadcastFlagsI.lto_priv.3
                0x00204560       0x18 C:\Users\Andry\AppData\Local\Temp\cc2jUgK6.ltrans0.ltrans.o
 *fill*         0x00204578        0x8 
 .text.set_error
                0x00204580       0x70 C:\Users\Andry\AppData\Local\Temp\cc2jUgK6.ltrans0.ltrans.o
 .text.serve_interrupt
                0x002045f0      0x124 C:\Users\Andry\AppData\Local\Temp\cc2jUgK6.ltrans0.ltrans.o
 *fill*         0x00204714        0xc 
 .text.notify1  0x00204720       0x18 C:\Users\Andry\AppData\Local\Temp\cc2jUgK6.ltrans0.ltrans.o
 *fill*         0x00204738        0x8 
 .text.VectorD4
                0x00204740       0x2c C:\Users\Andry\AppData\Local\Temp\cc2jUgK6.ltrans0.ltrans.o
 *fill*         0x0020476c        0x4 
 .text.sd_lld_init
                0x00204770       0x64 C:\Users\Andry\AppData\Local\Temp\cc2jUgK6.ltrans0.ltrans.o
 *fill*         0x002047d4        0xc 
 .text.__early_init
                0x002047e0        0x8 C:\Users\Andry\AppData\Local\Temp\cc2jUgK6.ltrans0.ltrans.o
                0x002047e0                __early_init
 *fill*         0x002047e8        0x8 
 .text.boardInit
                0x002047f0        0x4 C:\Users\Andry\AppData\Local\Temp\cc2jUgK6.ltrans0.ltrans.o
 *fill*         0x002047f4        0xc 
 .text.pwmpcb   0x00204800        0x8 C:\Users\Andry\AppData\Local\Temp\cc2jUgK6.ltrans0.ltrans.o
 *fill*         0x00204808        0x8 
 .text.pwmc1cb  0x00204810        0x8 C:\Users\Andry\AppData\Local\Temp\cc2jUgK6.ltrans0.ltrans.o
 *fill*         0x00204818        0x8 
 .text.icuwidthcb
                0x00204820       0x24 C:\Users\Andry\AppData\Local\Temp\cc2jUgK6.ltrans0.ltrans.o
 *fill*         0x00204844        0xc 
 .text.icuperiodcb
                0x00204850       0x24 C:\Users\Andry\AppData\Local\Temp\cc2jUgK6.ltrans0.ltrans.o
 *fill*         0x00204874        0xc 
 .text.icuovfcb
                0x00204880        0x8 C:\Users\Andry\AppData\Local\Temp\cc2jUgK6.ltrans0.ltrans.o
 *fill*         0x00204888        0x8 
 .text.main     0x00204890      0x114 C:\Users\Andry\AppData\Local\Temp\cc2jUgK6.ltrans0.ltrans.o
                0x00204890                main
 *(.glue_7t)
 .glue_7t       0x002049a4        0x0 linker stubs
 *(.glue_7)
 .glue_7        0x002049a4        0x0 linker stubs
 *(.gcc*)

.vfp11_veneer   0x002049a4        0x0 load address 0x080049a4
 .vfp11_veneer  0x002049a4        0x0 linker stubs

.v4_bx          0x002049a4        0x0 load address 0x080049a4
 .v4_bx         0x002049a4        0x0 linker stubs

.iplt           0x002049a4        0x0 load address 0x080049a4
 .iplt          0x002049a4        0x0 build/obj/crt0_v7m.o

.rodata         0x080049a4      0x5b0
                0x080049a4                . = ALIGN (0x4)
                0x080049a4                __rodata_base__ = .
 *(.rodata)
 *(.rodata.*)
 .rodata.ram_areas
                0x080049a4       0x80 C:\Users\Andry\AppData\Local\Temp\cc2jUgK6.ltrans0.ltrans.o
 .rodata.str1.4
                0x08004a24        0x5 C:\Users\Andry\AppData\Local\Temp\cc2jUgK6.ltrans0.ltrans.o
 *fill*         0x08004a29        0x3 
 .rodata.idle_descriptor.7004
                0x08004a2c       0x18 C:\Users\Andry\AppData\Local\Temp\cc2jUgK6.ltrans0.ltrans.o
 .rodata.__func__.6385
                0x08004a44        0xc C:\Users\Andry\AppData\Local\Temp\cc2jUgK6.ltrans0.ltrans.o
 .rodata._dbg_check_enable.str1.4
                0x08004a50        0x5 C:\Users\Andry\AppData\Local\Temp\cc2jUgK6.ltrans0.ltrans.o
 *fill*         0x08004a55        0x3 
 .rodata._dbg_check_lock.str1.4
                0x08004a58        0x5 C:\Users\Andry\AppData\Local\Temp\cc2jUgK6.ltrans0.ltrans.o
 *fill*         0x08004a5d        0x3 
 .rodata._dbg_check_unlock.str1.4
                0x08004a60        0x5 C:\Users\Andry\AppData\Local\Temp\cc2jUgK6.ltrans0.ltrans.o
 *fill*         0x08004a65        0x3 
 .rodata._dbg_check_lock_from_isr.str1.4
                0x08004a68        0x5 C:\Users\Andry\AppData\Local\Temp\cc2jUgK6.ltrans0.ltrans.o
 *fill*         0x08004a6d        0x3 
 .rodata._dbg_check_unlock_from_isr.str1.4
                0x08004a70        0x5 C:\Users\Andry\AppData\Local\Temp\cc2jUgK6.ltrans0.ltrans.o
 *fill*         0x08004a75        0x3 
 .rodata._dbg_check_enter_isr.str1.4
                0x08004a78        0x5 C:\Users\Andry\AppData\Local\Temp\cc2jUgK6.ltrans0.ltrans.o
 *fill*         0x08004a7d        0x3 
 .rodata._dbg_check_leave_isr.str1.4
                0x08004a80        0x5 C:\Users\Andry\AppData\Local\Temp\cc2jUgK6.ltrans0.ltrans.o
 *fill*         0x08004a85        0x3 
 .rodata.chDbgCheckClassI.str1.4
                0x08004a88        0x6 C:\Users\Andry\AppData\Local\Temp\cc2jUgK6.ltrans0.ltrans.o
 *fill*         0x08004a8e        0x2 
 .rodata.chDbgCheckClassS.str1.4
                0x08004a90        0x6 C:\Users\Andry\AppData\Local\Temp\cc2jUgK6.ltrans0.ltrans.o
 *fill*         0x08004a96        0x2 
 .rodata.__func__.7005.lto_priv.205
                0x08004a98        0xb C:\Users\Andry\AppData\Local\Temp\cc2jUgK6.ltrans0.ltrans.o
 *fill*         0x08004aa3        0x1 
 .rodata.__func__.7013.lto_priv.202
                0x08004aa4        0xd C:\Users\Andry\AppData\Local\Temp\cc2jUgK6.ltrans0.ltrans.o
 *fill*         0x08004ab1        0x3 
 .rodata.chSchGoSleepS.str1.4
                0x08004ab4       0x10 C:\Users\Andry\AppData\Local\Temp\cc2jUgK6.ltrans0.ltrans.o
                                  0xf (size before relaxing)
 .rodata.__func__.7002
                0x08004ac4        0xc C:\Users\Andry\AppData\Local\Temp\cc2jUgK6.ltrans0.ltrans.o
 .rodata.__func__.7009.lto_priv.216
                0x08004ad0       0x11 C:\Users\Andry\AppData\Local\Temp\cc2jUgK6.ltrans0.ltrans.o
 *fill*         0x08004ae1        0x3 
 .rodata.__func__.7038
                0x08004ae4        0xd C:\Users\Andry\AppData\Local\Temp\cc2jUgK6.ltrans0.ltrans.o
 *fill*         0x08004af1        0x3 
 .rodata.__func__.7011
                0x08004af4       0x16 C:\Users\Andry\AppData\Local\Temp\cc2jUgK6.ltrans0.ltrans.o
 *fill*         0x08004b0a        0x2 
 .rodata.__func__.6266.lto_priv.125
                0x08004b0c        0xc C:\Users\Andry\AppData\Local\Temp\cc2jUgK6.ltrans0.ltrans.o
 .rodata.__func__.7024
                0x08004b18        0xc C:\Users\Andry\AppData\Local\Temp\cc2jUgK6.ltrans0.ltrans.o
 .rodata.__func__.7045
                0x08004b24        0xd C:\Users\Andry\AppData\Local\Temp\cc2jUgK6.ltrans0.ltrans.o
 *fill*         0x08004b31        0x3 
 .rodata.__func__.7060
                0x08004b34        0xb C:\Users\Andry\AppData\Local\Temp\cc2jUgK6.ltrans0.ltrans.o
 *fill*         0x08004b3f        0x1 
 .rodata.__func__.6488
                0x08004b40        0xc C:\Users\Andry\AppData\Local\Temp\cc2jUgK6.ltrans0.ltrans.o
 .rodata.__func__.6500
                0x08004b4c       0x14 C:\Users\Andry\AppData\Local\Temp\cc2jUgK6.ltrans0.ltrans.o
 .rodata.ch_debug
                0x08004b60       0x16 C:\Users\Andry\AppData\Local\Temp\cc2jUgK6.ltrans0.ltrans.o
 *fill*         0x08004b76        0x2 
 .rodata.__func__.6667.lto_priv.197
                0x08004b78        0xc C:\Users\Andry\AppData\Local\Temp\cc2jUgK6.ltrans0.ltrans.o
 .rodata.__func__.7404
                0x08004b84       0x10 C:\Users\Andry\AppData\Local\Temp\cc2jUgK6.ltrans0.ltrans.o
 .rodata.__func__.6997.lto_priv.239
                0x08004b94       0x10 C:\Users\Andry\AppData\Local\Temp\cc2jUgK6.ltrans0.ltrans.o
 .rodata.__func__.6266.lto_priv.127
                0x08004ba4        0xc C:\Users\Andry\AppData\Local\Temp\cc2jUgK6.ltrans0.ltrans.o
 .rodata.__func__.7005.lto_priv.206
                0x08004bb0        0xb C:\Users\Andry\AppData\Local\Temp\cc2jUgK6.ltrans0.ltrans.o
 *fill*         0x08004bbb        0x1 
 .rodata.__func__.7028
                0x08004bbc        0xc C:\Users\Andry\AppData\Local\Temp\cc2jUgK6.ltrans0.ltrans.o
 .rodata.__func__.7022.lto_priv.238
                0x08004bc8       0x15 C:\Users\Andry\AppData\Local\Temp\cc2jUgK6.ltrans0.ltrans.o
 *fill*         0x08004bdd        0x3 
 .rodata.__func__.7039.lto_priv.220
                0x08004be0        0xd C:\Users\Andry\AppData\Local\Temp\cc2jUgK6.ltrans0.ltrans.o
 *fill*         0x08004bed        0x3 
 .rodata.__func__.7009.lto_priv.217
                0x08004bf0       0x1e C:\Users\Andry\AppData\Local\Temp\cc2jUgK6.ltrans0.ltrans.o
 *fill*         0x08004c0e        0x2 
 .rodata.__func__.6266.lto_priv.133
                0x08004c10        0xc C:\Users\Andry\AppData\Local\Temp\cc2jUgK6.ltrans0.ltrans.o
 .rodata.__func__.7027.lto_priv.213
                0x08004c1c        0xb C:\Users\Andry\AppData\Local\Temp\cc2jUgK6.ltrans0.ltrans.o
 *fill*         0x08004c27        0x1 
 .rodata.__func__.6266.lto_priv.134
                0x08004c28        0xc C:\Users\Andry\AppData\Local\Temp\cc2jUgK6.ltrans0.ltrans.o
 .rodata.__func__.7023
                0x08004c34        0xc C:\Users\Andry\AppData\Local\Temp\cc2jUgK6.ltrans0.ltrans.o
 .rodata.__func__.7749.lto_priv.88
                0x08004c40        0xd C:\Users\Andry\AppData\Local\Temp\cc2jUgK6.ltrans0.ltrans.o
 *fill*         0x08004c4d        0x3 
 .rodata.__func__.7756.lto_priv.161
                0x08004c50        0xb C:\Users\Andry\AppData\Local\Temp\cc2jUgK6.ltrans0.ltrans.o
 *fill*         0x08004c5b        0x1 
 .rodata.__func__.6266.lto_priv.135
                0x08004c5c        0xc C:\Users\Andry\AppData\Local\Temp\cc2jUgK6.ltrans0.ltrans.o
 .rodata.__func__.7775
                0x08004c68        0xe C:\Users\Andry\AppData\Local\Temp\cc2jUgK6.ltrans0.ltrans.o
 *fill*         0x08004c76        0x2 
 .rodata.__func__.7814
                0x08004c78        0xf C:\Users\Andry\AppData\Local\Temp\cc2jUgK6.ltrans0.ltrans.o
 *fill*         0x08004c87        0x1 
 .rodata.__func__.7753.lto_priv.85
                0x08004c88        0x9 C:\Users\Andry\AppData\Local\Temp\cc2jUgK6.ltrans0.ltrans.o
 *fill*         0x08004c91        0x3 
 .rodata.__func__.6266.lto_priv.136
                0x08004c94        0xc C:\Users\Andry\AppData\Local\Temp\cc2jUgK6.ltrans0.ltrans.o
 .rodata.__func__.7761.lto_priv.80
                0x08004ca0       0x10 C:\Users\Andry\AppData\Local\Temp\cc2jUgK6.ltrans0.ltrans.o
 .rodata.__func__.7774
                0x08004cb0       0x17 C:\Users\Andry\AppData\Local\Temp\cc2jUgK6.ltrans0.ltrans.o
 *fill*         0x08004cc7        0x1 
 .rodata.__func__.7753.lto_priv.86
                0x08004cc8        0x9 C:\Users\Andry\AppData\Local\Temp\cc2jUgK6.ltrans0.ltrans.o
 *fill*         0x08004cd1        0x3 
 .rodata.__func__.6266.lto_priv.137
                0x08004cd4        0xc C:\Users\Andry\AppData\Local\Temp\cc2jUgK6.ltrans0.ltrans.o
 .rodata.__func__.7762
                0x08004ce0       0x10 C:\Users\Andry\AppData\Local\Temp\cc2jUgK6.ltrans0.ltrans.o
 .rodata.__func__.7768
                0x08004cf0       0x11 C:\Users\Andry\AppData\Local\Temp\cc2jUgK6.ltrans0.ltrans.o
 *fill*         0x08004d01        0x3 
 .rodata.__func__.7773
                0x08004d04       0x12 C:\Users\Andry\AppData\Local\Temp\cc2jUgK6.ltrans0.ltrans.o
 *fill*         0x08004d16        0x2 
 .rodata.__func__.7777
                0x08004d18       0x1e C:\Users\Andry\AppData\Local\Temp\cc2jUgK6.ltrans0.ltrans.o
 *fill*         0x08004d36        0x2 
 .rodata.__func__.7786
                0x08004d38       0x1d C:\Users\Andry\AppData\Local\Temp\cc2jUgK6.ltrans0.ltrans.o
 *fill*         0x08004d55        0x3 
 .rodata.vmt    0x08004d58       0x20 C:\Users\Andry\AppData\Local\Temp\cc2jUgK6.ltrans0.ltrans.o
 .rodata.__func__.7801
                0x08004d78       0x10 C:\Users\Andry\AppData\Local\Temp\cc2jUgK6.ltrans0.ltrans.o
 .rodata.__func__.7746.lto_priv.160
                0x08004d88        0xa C:\Users\Andry\AppData\Local\Temp\cc2jUgK6.ltrans0.ltrans.o
 *fill*         0x08004d92        0x2 
 .rodata.__func__.7758
                0x08004d94        0x9 C:\Users\Andry\AppData\Local\Temp\cc2jUgK6.ltrans0.ltrans.o
 *fill*         0x08004d9d        0x3 
 .rodata.__func__.7766.lto_priv.91
                0x08004da0        0xe C:\Users\Andry\AppData\Local\Temp\cc2jUgK6.ltrans0.ltrans.o
 *fill*         0x08004dae        0x2 
 .rodata.__func__.7749.lto_priv.89
                0x08004db0        0x9 C:\Users\Andry\AppData\Local\Temp\cc2jUgK6.ltrans0.ltrans.o
 *fill*         0x08004db9        0x3 
 .rodata.__func__.7753.lto_priv.87
                0x08004dbc        0x9 C:\Users\Andry\AppData\Local\Temp\cc2jUgK6.ltrans0.ltrans.o
 *fill*         0x08004dc5        0x3 
 .rodata.__func__.7757.lto_priv.84
                0x08004dc8        0x9 C:\Users\Andry\AppData\Local\Temp\cc2jUgK6.ltrans0.ltrans.o
 *fill*         0x08004dd1        0x3 
 .rodata.__func__.7761.lto_priv.81
                0x08004dd4        0x9 C:\Users\Andry\AppData\Local\Temp\cc2jUgK6.ltrans0.ltrans.o
 *fill*         0x08004ddd        0x3 
 .rodata.__func__.7770.lto_priv.79
                0x08004de0        0xe C:\Users\Andry\AppData\Local\Temp\cc2jUgK6.ltrans0.ltrans.o
 *fill*         0x08004dee        0x2 
 .rodata.__func__.7807
                0x08004df0       0x24 C:\Users\Andry\AppData\Local\Temp\cc2jUgK6.ltrans0.ltrans.o
 .rodata.__func__.7778.lto_priv.1
                0x08004e14        0x9 C:\Users\Andry\AppData\Local\Temp\cc2jUgK6.ltrans0.ltrans.o
 *fill*         0x08004e1d        0x3 
 .rodata.pal_default_config
                0x08004e20      0x134 C:\Users\Andry\AppData\Local\Temp\cc2jUgK6.ltrans0.ltrans.o
                0x08004f54                . = ALIGN (0x4)
                0x08004f54                __rodata_end__ = .

.rel.dyn        0x08004f54        0x0
 .rel.iplt      0x08004f54        0x0 build/obj/crt0_v7m.o

.ARM.extab
 *(.ARM.extab* .gnu.linkonce.armextab.*)

.ARM.exidx      0x002049a4        0x0 load address 0x08004f54
                0x002049a4                __exidx_start = .
 *(.ARM.exidx* .gnu.linkonce.armexidx.*)
                0x002049a4                __exidx_end = .

.eh_frame_hdr
 *(.eh_frame_hdr)

.eh_frame
 *(.eh_frame)
                0x20010000                __ram0_start__ = ORIGIN (ram0)
                0x00040000                __ram0_size__ = LENGTH (ram0)
                0x20050000                __ram0_end__ = (__ram0_start__ + __ram0_size__)
                0x20010000                __ram1_start__ = ORIGIN (ram1)
                0x0003c000                __ram1_size__ = LENGTH (ram1)
                0x2004c000                __ram1_end__ = (__ram1_start__ + __ram1_size__)
                0x2004c000                __ram2_start__ = ORIGIN (ram2)
                0x00004000                __ram2_size__ = LENGTH (ram2)
                0x20050000                __ram2_end__ = (__ram2_start__ + __ram2_size__)
                0x20000000                __ram3_start__ = ORIGIN (ram3)
                0x00010000                __ram3_size__ = LENGTH (ram3)
                0x20010000                __ram3_end__ = (__ram3_start__ + __ram3_size__)
                0x00000000                __ram4_start__ = ORIGIN (ram4)
                0x00004000                __ram4_size__ = LENGTH (ram4)
                0x00004000                __ram4_end__ = (__ram4_start__ + __ram4_size__)
                0x40024000                __ram5_start__ = ORIGIN (ram5)
                0x00001000                __ram5_size__ = LENGTH (ram5)
                0x40025000                __ram5_end__ = (__ram5_start__ + __ram5_size__)
                0x00000000                __ram6_start__ = ORIGIN (ram6)
                0x00000000                __ram6_size__ = LENGTH (ram6)
                0x00000000                __ram6_end__ = (__ram6_start__ + __ram6_size__)
                0x00000000                __ram7_start__ = ORIGIN (ram7)
                0x00000000                __ram7_size__ = LENGTH (ram7)
                0x00000000                __ram7_end__ = (__ram7_start__ + __ram7_size__)

.data           0x20010000       0x60 load address 0x08004f54
                0x20010000                . = ALIGN (0x4)
                [!provide]                PROVIDE (_textdata, LOADADDR (.data))
                [!provide]                PROVIDE (_data, .)
                0x08004f54                _textdata_start = LOADADDR (.data)
                0x20010000                _data_start = .
 *(.data)
 *(.data.*)
 .data.pwmcfg   0x20010000       0x44 C:\Users\Andry\AppData\Local\Temp\cc2jUgK6.ltrans0.ltrans.o
 .data.icucfg   0x20010044       0x1c C:\Users\Andry\AppData\Local\Temp\cc2jUgK6.ltrans0.ltrans.o
 *(.ramtext)
                0x20010060                . = ALIGN (0x4)
                [!provide]                PROVIDE (_edata, .)
                0x20010060                _data_end = .

.igot.plt       0x20010060        0x0 load address 0x08004fb4
 .igot.plt      0x20010060        0x0 build/obj/crt0_v7m.o

.bss            0x20000800      0xa78
                0x20000800                . = ALIGN (0x4)
                0x20000800                _bss_start = .
 *(.bss)
 *(.bss.*)
 .bss.ch_idle_thread_wa
                0x20000800       0xd8 C:\Users\Andry\AppData\Local\Temp\cc2jUgK6.ltrans0.ltrans.o
 .bss.ch        0x200008d8      0x888 C:\Users\Andry\AppData\Local\Temp\cc2jUgK6.ltrans0.ltrans.o
 .bss.ch_memcore
                0x20001160        0x8 C:\Users\Andry\AppData\Local\Temp\cc2jUgK6.ltrans0.ltrans.o
 .bss.default_heap
                0x20001168       0x1c C:\Users\Andry\AppData\Local\Temp\cc2jUgK6.ltrans0.ltrans.o
 .bss.ICUD2     0x20001184       0x18 C:\Users\Andry\AppData\Local\Temp\cc2jUgK6.ltrans0.ltrans.o
 .bss.PWMD1     0x2000119c       0x1c C:\Users\Andry\AppData\Local\Temp\cc2jUgK6.ltrans0.ltrans.o
 .bss.PWMD11    0x200011b8       0x1c C:\Users\Andry\AppData\Local\Temp\cc2jUgK6.ltrans0.ltrans.o
 .bss.PWMD12    0x200011d4       0x1c C:\Users\Andry\AppData\Local\Temp\cc2jUgK6.ltrans0.ltrans.o
 .bss.SD1       0x200011f0       0x60 C:\Users\Andry\AppData\Local\Temp\cc2jUgK6.ltrans0.ltrans.o
 .bss.sd_in_buf1
                0x20001250       0x10 C:\Users\Andry\AppData\Local\Temp\cc2jUgK6.ltrans0.ltrans.o
 .bss.sd_out_buf1
                0x20001260       0x10 C:\Users\Andry\AppData\Local\Temp\cc2jUgK6.ltrans0.ltrans.o
 .bss.last_width
                0x20001270        0x4 C:\Users\Andry\AppData\Local\Temp\cc2jUgK6.ltrans0.ltrans.o
 .bss.last_period
                0x20001274        0x4 C:\Users\Andry\AppData\Local\Temp\cc2jUgK6.ltrans0.ltrans.o
 *(COMMON)
                0x20001278                . = ALIGN (0x4)
                0x20001278                _bss_end = .
                [!provide]                PROVIDE (end, .)

.ram0_init      0x20010060        0x0 load address 0x08004fb4
                0x20010060                . = ALIGN (0x4)
                0x08004fb4                __ram0_init_text__ = LOADADDR (.ram0_init)
                0x20010060                __ram0_init__ = .
 *(.ram0_init)
 *(.ram0_init.*)
                0x20010060                . = ALIGN (0x4)

.ram0           0x20010060        0x0 load address 0x08004fb4
                0x20010060                . = ALIGN (0x4)
                0x20010060                __ram0_clear__ = .
 *(.ram0_clear)
 *(.ram0_clear.*)
                0x20010060                . = ALIGN (0x4)
                0x20010060                __ram0_noinit__ = .
 *(.ram0)
 *(.ram0.*)
                0x20010060                . = ALIGN (0x4)
                0x20010060                __ram0_free__ = .

.ram1_init      0x20010000        0x0 load address 0x08004fb4
                0x20010000                . = ALIGN (0x4)
                0x08004fb4                __ram1_init_text__ = LOADADDR (.ram1_init)
                0x20010000                __ram1_init__ = .
 *(.ram1_init)
 *(.ram1_init.*)
                0x20010000                . = ALIGN (0x4)

.ram1           0x20010000        0x0 load address 0x08004fb4
                0x20010000                . = ALIGN (0x4)
                0x20010000                __ram1_clear__ = .
 *(.ram1_clear)
 *(.ram1_clear.*)
                0x20010000                . = ALIGN (0x4)
                0x20010000                __ram1_noinit__ = .
 *(.ram1)
 *(.ram1.*)
                0x20010000                . = ALIGN (0x4)
                0x20010000                __ram1_free__ = .

.ram2_init      0x2004c000        0x0 load address 0x08004fb4
                0x2004c000                . = ALIGN (0x4)
                0x08004fb4                __ram2_init_text__ = LOADADDR (.ram2_init)
                0x2004c000                __ram2_init__ = .
 *(.ram2_init)
 *(.ram2_init.*)
                0x2004c000                . = ALIGN (0x4)

.ram2           0x2004c000        0x0 load address 0x08004fb4
                0x2004c000                . = ALIGN (0x4)
                0x2004c000                __ram2_clear__ = .
 *(.ram2_clear)
 *(.ram2_clear.*)
                0x2004c000                . = ALIGN (0x4)
                0x2004c000                __ram2_noinit__ = .
 *(.ram2)
 *(.ram2.*)
                0x2004c000                . = ALIGN (0x4)
                0x2004c000                __ram2_free__ = .

.ram3_init      0x20001278        0x0 load address 0x08004fb4
                0x20001278                . = ALIGN (0x4)
                0x08004fb4                __ram3_init_text__ = LOADADDR (.ram3_init)
                0x20001278                __ram3_init__ = .
 *(.ram3_init)
 *(.ram3_init.*)
                0x20001278                . = ALIGN (0x4)

.ram3           0x20001278        0x0 load address 0x08004fb4
                0x20001278                . = ALIGN (0x4)
                0x20001278                __ram3_clear__ = .
 *(.ram3_clear)
 *(.ram3_clear.*)
                0x20001278                . = ALIGN (0x4)
                0x20001278                __ram3_noinit__ = .
 *(.ram3)
 *(.ram3.*)
                0x20001278                . = ALIGN (0x4)
                0x20001278                __ram3_free__ = .

.ram4_init      0x00000000        0x0 load address 0x08004fb4
                0x00000000                . = ALIGN (0x4)
                0x08004fb4                __ram4_init_text__ = LOADADDR (.ram4_init)
                0x00000000                __ram4_init__ = .
 *(.ram4_init)
 *(.ram4_init.*)
                0x00000000                . = ALIGN (0x4)

.ram4           0x00000000        0x0 load address 0x08004fb4
                0x00000000                . = ALIGN (0x4)
                0x00000000                __ram4_clear__ = .
 *(.ram4_clear)
 *(.ram4_clear.*)
                0x00000000                . = ALIGN (0x4)
                0x00000000                __ram4_noinit__ = .
 *(.ram4)
 *(.ram4.*)
                0x00000000                . = ALIGN (0x4)
                0x00000000                __ram4_free__ = .

.ram5_init      0x40024000        0x0 load address 0x08004fb4
                0x40024000                . = ALIGN (0x4)
                0x08004fb4                __ram5_init_text__ = LOADADDR (.ram5_init)
                0x40024000                __ram5_init__ = .
 *(.ram5_init)
 *(.ram5_init.*)
                0x40024000                . = ALIGN (0x4)

.ram5           0x40024000        0x0 load address 0x08004fb4
                0x40024000                . = ALIGN (0x4)
                0x40024000                __ram5_clear__ = .
 *(.ram5_clear)
 *(.ram5_clear.*)
                0x40024000                . = ALIGN (0x4)
                0x40024000                __ram5_noinit__ = .
 *(.ram5)
 *(.ram5.*)
                0x40024000                . = ALIGN (0x4)
                0x40024000                __ram5_free__ = .

.ram6_init      0x00000000        0x0 load address 0x08004fb4
                0x00000000                . = ALIGN (0x4)
                0x08004fb4                __ram6_init_text__ = LOADADDR (.ram6_init)
                0x00000000                __ram6_init__ = .
 *(.ram6_init)
 *(.ram6_init.*)
                0x00000000                . = ALIGN (0x4)

.ram6           0x00000000        0x0 load address 0x08004fb4
                0x00000000                . = ALIGN (0x4)
                0x00000000                __ram6_clear__ = .
 *(.ram6_clear)
 *(.ram6_clear.*)
                0x00000000                . = ALIGN (0x4)
                0x00000000                __ram6_noinit__ = .
 *(.ram6)
 *(.ram6.*)
                0x00000000                . = ALIGN (0x4)
                0x00000000                __ram6_free__ = .

.ram7_init      0x00000000        0x0 load address 0x08004fb4
                0x00000000                . = ALIGN (0x4)
                0x08004fb4                __ram7_init_text__ = LOADADDR (.ram7_init)
                0x00000000                __ram7_init__ = .
 *(.ram7_init)
 *(.ram7_init.*)
                0x00000000                . = ALIGN (0x4)

.ram7           0x00000000        0x0 load address 0x08004fb4
                0x00000000                . = ALIGN (0x4)
                0x00000000                __ram7_clear__ = .
 *(.ram7_clear)
 *(.ram7_clear.*)
                0x00000000                . = ALIGN (0x4)
                0x00000000                __ram7_noinit__ = .
 *(.ram7)
 *(.ram7.*)
                0x00000000                . = ALIGN (0x4)
                0x00000000                __ram7_free__ = .

.heap           0x20010060    0x3ffa0
                0x20010060                . = ALIGN (0x8)
                0x20010060                __heap_base__ = .
                0x20050000                . = (ORIGIN (HEAP_RAM) + LENGTH (HEAP_RAM))
 *fill*         0x20010060    0x3ffa0 
                0x20050000                __heap_end__ = .
                0x00000400                __process_stack_size__ = 0x400
                0x00000400                __main_stack_size__ = 0x400
START GROUP
LOAD d:/stm32_chibios-master/chibistudio_preview20/tools/gnu tools arm embedded/7.0 2017q4/bin/../lib/gcc/arm-none-eabi/7.2.1/thumb/v7e-m\libgcc.a
LOAD d:/stm32_chibios-master/chibistudio_preview20/tools/gnu tools arm embedded/7.0 2017q4/bin/../lib/gcc/arm-none-eabi/7.2.1/../../../../arm-none-eabi/lib/thumb/v7e-m\libg.a
LOAD d:/stm32_chibios-master/chibistudio_preview20/tools/gnu tools arm embedded/7.0 2017q4/bin/../lib/gcc/arm-none-eabi/7.2.1/../../../../arm-none-eabi/lib/thumb/v7e-m\libc.a
END GROUP
OUTPUT(build/ch.elf elf32-littlearm)

.ARM.attributes
                0x00000000       0x2d
 .ARM.attributes
                0x00000000       0x21 build/obj/crt0_v7m.o
 .ARM.attributes
                0x00000021       0x21 build/obj/chcoreasm_v7m.o
 .ARM.attributes
                0x00000042       0x31 C:\Users\Andry\AppData\Local\Temp\cc2jUgK6.ltrans0.ltrans.o

.comment        0x00000000       0x7e
 .comment       0x00000000       0x7e C:\Users\Andry\AppData\Local\Temp\cc2jUgK6.ltrans0.ltrans.o
                                 0x7f (size before relaxing)

.debug_line     0x00000000     0x4118
 .debug_line    0x00000000       0xc8 build/obj/crt0_v7m.o
 .debug_line    0x000000c8       0x86 build/obj/chcoreasm_v7m.o
 .debug_line    0x0000014e     0x3fca C:\Users\Andry\AppData\Local\Temp\cc2jUgK6.ltrans0.ltrans.o

.debug_info     0x00000000     0x9bd1
 .debug_info    0x00000000       0x26 build/obj/crt0_v7m.o
 .debug_info    0x00000026       0x26 build/obj/chcoreasm_v7m.o
 .debug_info    0x0000004c     0x9b85 C:\Users\Andry\AppData\Local\Temp\cc2jUgK6.ltrans0.ltrans.o

.debug_abbrev   0x00000000      0x568
 .debug_abbrev  0x00000000       0x14 build/obj/crt0_v7m.o
 .debug_abbrev  0x00000014       0x14 build/obj/chcoreasm_v7m.o
 .debug_abbrev  0x00000028      0x540 C:\Users\Andry\AppData\Local\Temp\cc2jUgK6.ltrans0.ltrans.o

.debug_aranges  0x00000000     0x1158
 .debug_aranges
                0x00000000       0x20 build/obj/crt0_v7m.o
 .debug_aranges
                0x00000020       0x20 build/obj/chcoreasm_v7m.o
 .debug_aranges
                0x00000040     0x1118 C:\Users\Andry\AppData\Local\Temp\cc2jUgK6.ltrans0.ltrans.o

.debug_str      0x00000000     0x31dd
 .debug_str     0x00000000       0xa3 build/obj/crt0_v7m.o
 .debug_str     0x000000a3       0x41 build/obj/chcoreasm_v7m.o
                                 0xa6 (size before relaxing)
 .debug_str     0x000000e4     0x30f9 C:\Users\Andry\AppData\Local\Temp\cc2jUgK6.ltrans0.ltrans.o
                               0x331e (size before relaxing)

.debug_ranges   0x00000000     0x1108
 .debug_ranges  0x00000000     0x1108 C:\Users\Andry\AppData\Local\Temp\cc2jUgK6.ltrans0.ltrans.o

.debug_frame    0x00000000     0x368c
 .debug_frame   0x00000000     0x368c C:\Users\Andry\AppData\Local\Temp\cc2jUgK6.ltrans0.ltrans.o

Cross Reference Table

Symbol                                            File
BusFault_Handler                                  build/obj/vectors.o (symbol from plugin)
DebugMon_Handler                                  build/obj/vectors.o (symbol from plugin)
HardFault_Handler                                 build/obj/vectors.o (symbol from plugin)
ICUD2                                             build/obj/hal_icu_lld.o (symbol from plugin)
                                                  build/obj/main.o (symbol from plugin)
MemManage_Handler                                 build/obj/vectors.o (symbol from plugin)
NMI_Handler                                       build/obj/vectors.o (symbol from plugin)
PWMD1                                             build/obj/hal_pwm_lld.o (symbol from plugin)
                                                  build/obj/main.o (symbol from plugin)
PWMD11                                            build/obj/hal_pwm_lld.o (symbol from plugin)
                                                  build/obj/main.o (symbol from plugin)
PWMD12                                            build/obj/hal_pwm_lld.o (symbol from plugin)
PendSV_Handler                                    build/obj/vectors.o (symbol from plugin)
Reset_Handler                                     build/obj/crt0_v7m.o
                                                  C:\Users\Andry\AppData\Local\Temp\cc2jUgK6.ltrans0.ltrans.o
                                                  build/obj/vectors.o (symbol from plugin)
SD1                                               build/obj/hal_serial_lld.o (symbol from plugin)
SVC_Handler                                       build/obj/chcore_v7m.o (symbol from plugin)
                                                  build/obj/vectors.o (symbol from plugin)
SysTick_Handler                                   build/obj/vectors.o (symbol from plugin)
SystemCoreClock                                   build/obj/hal_lld.o (symbol from plugin)
UsageFault_Handler                                build/obj/vectors.o (symbol from plugin)
Vector100                                         build/obj/vectors.o (symbol from plugin)
Vector104                                         build/obj/vectors.o (symbol from plugin)
Vector108                                         build/obj/hal_st_lld.o (symbol from plugin)
                                                  build/obj/vectors.o (symbol from plugin)
Vector10C                                         build/obj/vectors.o (symbol from plugin)
Vector110                                         build/obj/vectors.o (symbol from plugin)
Vector114                                         build/obj/vectors.o (symbol from plugin)
Vector118                                         build/obj/vectors.o (symbol from plugin)
Vector11C                                         build/obj/vectors.o (symbol from plugin)
Vector120                                         build/obj/vectors.o (symbol from plugin)
Vector124                                         build/obj/vectors.o (symbol from plugin)
Vector128                                         build/obj/vectors.o (symbol from plugin)
Vector12C                                         build/obj/vectors.o (symbol from plugin)
Vector130                                         build/obj/vectors.o (symbol from plugin)
Vector134                                         build/obj/vectors.o (symbol from plugin)
Vector138                                         build/obj/vectors.o (symbol from plugin)
Vector13C                                         build/obj/vectors.o (symbol from plugin)
Vector140                                         build/obj/vectors.o (symbol from plugin)
Vector144                                         build/obj/vectors.o (symbol from plugin)
Vector148                                         build/obj/vectors.o (symbol from plugin)
Vector14C                                         build/obj/vectors.o (symbol from plugin)
Vector150                                         build/obj/vectors.o (symbol from plugin)
Vector154                                         build/obj/vectors.o (symbol from plugin)
Vector158                                         build/obj/vectors.o (symbol from plugin)
Vector15C                                         build/obj/vectors.o (symbol from plugin)
Vector160                                         build/obj/vectors.o (symbol from plugin)
Vector164                                         build/obj/vectors.o (symbol from plugin)
Vector168                                         build/obj/vectors.o (symbol from plugin)
Vector16C                                         build/obj/vectors.o (symbol from plugin)
Vector170                                         build/obj/vectors.o (symbol from plugin)
Vector174                                         build/obj/vectors.o (symbol from plugin)
Vector178                                         build/obj/vectors.o (symbol from plugin)
Vector17C                                         build/obj/vectors.o (symbol from plugin)
Vector180                                         build/obj/vectors.o (symbol from plugin)
Vector184                                         build/obj/vectors.o (symbol from plugin)
Vector188                                         build/obj/vectors.o (symbol from plugin)
Vector18C                                         build/obj/vectors.o (symbol from plugin)
Vector190                                         build/obj/vectors.o (symbol from plugin)
Vector194                                         build/obj/vectors.o (symbol from plugin)
Vector198                                         build/obj/vectors.o (symbol from plugin)
Vector19C                                         build/obj/vectors.o (symbol from plugin)
Vector1A0                                         build/obj/vectors.o (symbol from plugin)
Vector1A4                                         build/obj/vectors.o (symbol from plugin)
Vector1A8                                         build/obj/vectors.o (symbol from plugin)
Vector1AC                                         build/obj/vectors.o (symbol from plugin)
Vector1B0                                         build/obj/vectors.o (symbol from plugin)
Vector1B4                                         build/obj/vectors.o (symbol from plugin)
Vector1B8                                         build/obj/vectors.o (symbol from plugin)
Vector1BC                                         build/obj/vectors.o (symbol from plugin)
Vector1C                                          build/obj/vectors.o (symbol from plugin)
Vector1C0                                         build/obj/vectors.o (symbol from plugin)
Vector1C4                                         build/obj/vectors.o (symbol from plugin)
Vector1C8                                         build/obj/vectors.o (symbol from plugin)
Vector1CC                                         build/obj/vectors.o (symbol from plugin)
Vector1D0                                         build/obj/vectors.o (symbol from plugin)
Vector1D4                                         build/obj/vectors.o (symbol from plugin)
Vector1D8                                         build/obj/vectors.o (symbol from plugin)
Vector1DC                                         build/obj/vectors.o (symbol from plugin)
Vector1E0                                         build/obj/vectors.o (symbol from plugin)
Vector1E4                                         build/obj/vectors.o (symbol from plugin)
Vector1E8                                         build/obj/vectors.o (symbol from plugin)
Vector1EC                                         build/obj/vectors.o (symbol from plugin)
Vector1F0                                         build/obj/vectors.o (symbol from plugin)
Vector1F4                                         build/obj/vectors.o (symbol from plugin)
Vector1F8                                         build/obj/vectors.o (symbol from plugin)
Vector1FC                                         build/obj/vectors.o (symbol from plugin)
Vector20                                          build/obj/vectors.o (symbol from plugin)
Vector24                                          build/obj/vectors.o (symbol from plugin)
Vector28                                          build/obj/vectors.o (symbol from plugin)
Vector34                                          build/obj/vectors.o (symbol from plugin)
Vector40                                          build/obj/vectors.o (symbol from plugin)
Vector44                                          build/obj/vectors.o (symbol from plugin)
Vector48                                          build/obj/vectors.o (symbol from plugin)
Vector4C                                          build/obj/vectors.o (symbol from plugin)
Vector50                                          build/obj/vectors.o (symbol from plugin)
Vector54                                          build/obj/vectors.o (symbol from plugin)
Vector58                                          build/obj/vectors.o (symbol from plugin)
Vector5C                                          build/obj/vectors.o (symbol from plugin)
Vector60                                          build/obj/vectors.o (symbol from plugin)
Vector64                                          build/obj/vectors.o (symbol from plugin)
Vector68                                          build/obj/vectors.o (symbol from plugin)
Vector6C                                          build/obj/vectors.o (symbol from plugin)
Vector70                                          build/obj/vectors.o (symbol from plugin)
Vector74                                          build/obj/vectors.o (symbol from plugin)
Vector78                                          build/obj/vectors.o (symbol from plugin)
Vector7C                                          build/obj/vectors.o (symbol from plugin)
Vector80                                          build/obj/vectors.o (symbol from plugin)
Vector84                                          build/obj/vectors.o (symbol from plugin)
Vector88                                          build/obj/vectors.o (symbol from plugin)
Vector8C                                          build/obj/vectors.o (symbol from plugin)
Vector90                                          build/obj/vectors.o (symbol from plugin)
Vector94                                          build/obj/vectors.o (symbol from plugin)
Vector98                                          build/obj/vectors.o (symbol from plugin)
Vector9C                                          build/obj/vectors.o (symbol from plugin)
VectorA0                                          build/obj/vectors.o (symbol from plugin)
VectorA4                                          build/obj/hal_pwm_lld.o (symbol from plugin)
                                                  build/obj/vectors.o (symbol from plugin)
VectorA8                                          build/obj/hal_pwm_lld.o (symbol from plugin)
                                                  build/obj/vectors.o (symbol from plugin)
VectorAC                                          build/obj/hal_pwm_lld.o (symbol from plugin)
                                                  build/obj/vectors.o (symbol from plugin)
VectorB0                                          build/obj/hal_icu_lld.o (symbol from plugin)
                                                  build/obj/vectors.o (symbol from plugin)
VectorB4                                          build/obj/vectors.o (symbol from plugin)
VectorB8                                          build/obj/vectors.o (symbol from plugin)
VectorBC                                          build/obj/vectors.o (symbol from plugin)
VectorC0                                          build/obj/vectors.o (symbol from plugin)
VectorC4                                          build/obj/vectors.o (symbol from plugin)
VectorC8                                          build/obj/vectors.o (symbol from plugin)
VectorCC                                          build/obj/vectors.o (symbol from plugin)
VectorD0                                          build/obj/vectors.o (symbol from plugin)
VectorD4                                          build/obj/hal_serial_lld.o (symbol from plugin)
                                                  build/obj/vectors.o (symbol from plugin)
VectorD8                                          build/obj/vectors.o (symbol from plugin)
VectorDC                                          build/obj/vectors.o (symbol from plugin)
VectorE0                                          build/obj/vectors.o (symbol from plugin)
VectorE4                                          build/obj/vectors.o (symbol from plugin)
VectorE8                                          build/obj/vectors.o (symbol from plugin)
VectorEC                                          build/obj/hal_pwm_lld.o (symbol from plugin)
                                                  build/obj/vectors.o (symbol from plugin)
VectorF0                                          build/obj/vectors.o (symbol from plugin)
VectorF4                                          build/obj/vectors.o (symbol from plugin)
VectorF8                                          build/obj/vectors.o (symbol from plugin)
VectorFC                                          build/obj/vectors.o (symbol from plugin)
__core_init                                       C:\Users\Andry\AppData\Local\Temp\cc2jUgK6.ltrans0.ltrans.o
                                                  build/obj/crt1.o (symbol from plugin)
                                                  build/obj/crt0_v7m.o
__default_exit                                    C:\Users\Andry\AppData\Local\Temp\cc2jUgK6.ltrans0.ltrans.o
                                                  build/obj/crt1.o (symbol from plugin)
                                                  build/obj/crt0_v7m.o
__early_init                                      C:\Users\Andry\AppData\Local\Temp\cc2jUgK6.ltrans0.ltrans.o
                                                  build/obj/board.o (symbol from plugin)
                                                  build/obj/crt1.o (symbol from plugin)
                                                  build/obj/crt0_v7m.o
__fini_array_end                                  build/obj/crt0_v7m.o
__fini_array_start                                build/obj/crt0_v7m.o
__heap_base__                                     C:\Users\Andry\AppData\Local\Temp\cc2jUgK6.ltrans0.ltrans.o
                                                  build/obj/chmemcore.o (symbol from plugin)
__heap_end__                                      C:\Users\Andry\AppData\Local\Temp\cc2jUgK6.ltrans0.ltrans.o
                                                  build/obj/chmemcore.o (symbol from plugin)
__init_array_end                                  build/obj/crt0_v7m.o
__init_array_start                                build/obj/crt0_v7m.o
__init_ram_areas                                  C:\Users\Andry\AppData\Local\Temp\cc2jUgK6.ltrans0.ltrans.o
                                                  build/obj/crt1.o (symbol from plugin)
                                                  build/obj/crt0_v7m.o
__late_init                                       C:\Users\Andry\AppData\Local\Temp\cc2jUgK6.ltrans0.ltrans.o
                                                  build/obj/crt1.o (symbol from plugin)
                                                  build/obj/crt0_v7m.o
__main_stack_base__                               build/obj/crt0_v7m.o
__main_stack_end__                                C:\Users\Andry\AppData\Local\Temp\cc2jUgK6.ltrans0.ltrans.o
                                                  build/obj/vectors.o (symbol from plugin)
                                                  build/obj/crt0_v7m.o
__main_thread_stack_base__                        C:\Users\Andry\AppData\Local\Temp\cc2jUgK6.ltrans0.ltrans.o
                                                  build/obj/chsys.o (symbol from plugin)
__process_stack_base__                            build/obj/crt0_v7m.o
__process_stack_end__                             build/obj/crt0_v7m.o
__ram0_clear__                                    C:\Users\Andry\AppData\Local\Temp\cc2jUgK6.ltrans0.ltrans.o
                                                  build/obj/crt1.o (symbol from plugin)
__ram0_init__                                     C:\Users\Andry\AppData\Local\Temp\cc2jUgK6.ltrans0.ltrans.o
                                                  build/obj/crt1.o (symbol from plugin)
__ram0_init_text__                                C:\Users\Andry\AppData\Local\Temp\cc2jUgK6.ltrans0.ltrans.o
                                                  build/obj/crt1.o (symbol from plugin)
__ram0_noinit__                                   C:\Users\Andry\AppData\Local\Temp\cc2jUgK6.ltrans0.ltrans.o
                                                  build/obj/crt1.o (symbol from plugin)
__ram1_clear__                                    C:\Users\Andry\AppData\Local\Temp\cc2jUgK6.ltrans0.ltrans.o
                                                  build/obj/crt1.o (symbol from plugin)
__ram1_init__                                     C:\Users\Andry\AppData\Local\Temp\cc2jUgK6.ltrans0.ltrans.o
                                                  build/obj/crt1.o (symbol from plugin)
__ram1_init_text__                                C:\Users\Andry\AppData\Local\Temp\cc2jUgK6.ltrans0.ltrans.o
                                                  build/obj/crt1.o (symbol from plugin)
__ram1_noinit__                                   C:\Users\Andry\AppData\Local\Temp\cc2jUgK6.ltrans0.ltrans.o
                                                  build/obj/crt1.o (symbol from plugin)
__ram2_clear__                                    C:\Users\Andry\AppData\Local\Temp\cc2jUgK6.ltrans0.ltrans.o
                                                  build/obj/crt1.o (symbol from plugin)
__ram2_init__                                     C:\Users\Andry\AppData\Local\Temp\cc2jUgK6.ltrans0.ltrans.o
                                                  build/obj/crt1.o (symbol from plugin)
__ram2_init_text__                                C:\Users\Andry\AppData\Local\Temp\cc2jUgK6.ltrans0.ltrans.o
                                                  build/obj/crt1.o (symbol from plugin)